2026-01-05 02:13:41.216 [INFO ] WebSocket server is running on ws://localhost:1100 {"service":"websocket-server"}
2026-01-05 02:13:45.333 [INFO ] Client connected {"service":"websocket-server"}
2026-01-05 02:13:45.334 [INFO ] Client registered for setting_id: 21 {"service":"websocket-server"}
2026-01-05 02:13:45.334 [INFO ] Client registered for query_type: queue {"service":"websocket-server"}
2026-01-05 02:13:47.220 [INFO ] [QUEUE] เริ่มดึงข้อมูลสำหรับ setting_id: 21, date: 2026-01-05 {"service":"websocket-server"}
2026-01-05 02:13:47.498 [INFO ] [QUEUE] ดึง settings สำเร็จ - department_load: 4, style_voice: 2, voice: 3 {"service":"websocket-server"}
2026-01-05 02:13:47.697 [INFO ] [QUEUE] ผลลัพธ์จาก DB - wait: 16, active: 0, call: ไม่มี, skip: 0 {"service":"websocket-server"}
2026-01-05 02:13:47.698 [INFO ] [QUEUE] ✅ ส่งข้อมูลกลับไปยัง client สำเร็จ - wait: 16, active: 0, call: ไม่มี {"service":"websocket-server"}
2026-01-05 02:13:49.220 [INFO ] [QUEUE] เริ่มดึงข้อมูลสำหรับ setting_id: 21, date: 2026-01-05 {"service":"websocket-server"}
2026-01-05 02:13:49.303 [INFO ] [QUEUE] ดึง settings สำเร็จ - department_load: 4, style_voice: 2, voice: 3 {"service":"websocket-server"}
2026-01-05 02:13:49.337 [INFO ] [QUEUE] ผลลัพธ์จาก DB - wait: 16, active: 0, call: ไม่มี, skip: 0 {"service":"websocket-server"}
2026-01-05 02:13:51.221 [INFO ] [QUEUE] เริ่มดึงข้อมูลสำหรับ setting_id: 21, date: 2026-01-05 {"service":"websocket-server"}
2026-01-05 02:13:51.302 [INFO ] [QUEUE] ดึง settings สำเร็จ - department_load: 4, style_voice: 2, voice: 3 {"service":"websocket-server"}
2026-01-05 02:13:51.385 [INFO ] [QUEUE] ผลลัพธ์จาก DB - wait: 16, active: 0, call: ไม่มี, skip: 0 {"service":"websocket-server"}
2026-01-05 02:13:53.222 [INFO ] [QUEUE] เริ่มดึงข้อมูลสำหรับ setting_id: 21, date: 2026-01-05 {"service":"websocket-server"}
2026-01-05 02:13:53.311 [INFO ] [QUEUE] ดึง settings สำเร็จ - department_load: 4, style_voice: 2, voice: 3 {"service":"websocket-server"}
2026-01-05 02:13:53.344 [INFO ] [QUEUE] ผลลัพธ์จาก DB - wait: 16, active: 0, call: ไม่มี, skip: 0 {"service":"websocket-server"}
2026-01-05 02:13:55.223 [INFO ] [QUEUE] เริ่มดึงข้อมูลสำหรับ setting_id: 21, date: 2026-01-05 {"service":"websocket-server"}
2026-01-05 02:13:55.306 [INFO ] [QUEUE] ดึง settings สำเร็จ - department_load: 4, style_voice: 2, voice: 3 {"service":"websocket-server"}
2026-01-05 02:13:55.346 [INFO ] [QUEUE] ผลลัพธ์จาก DB - wait: 16, active: 0, call: ไม่มี, skip: 0 {"service":"websocket-server"}
2026-01-05 02:13:57.224 [INFO ] [QUEUE] เริ่มดึงข้อมูลสำหรับ setting_id: 21, date: 2026-01-05 {"service":"websocket-server"}
2026-01-05 02:13:57.306 [INFO ] [QUEUE] ดึง settings สำเร็จ - department_load: 4, style_voice: 2, voice: 3 {"service":"websocket-server"}
2026-01-05 02:13:57.336 [INFO ] [QUEUE] ผลลัพธ์จาก DB - wait: 16, active: 0, call: ไม่มี, skip: 0 {"service":"websocket-server"}
2026-01-05 02:13:59.225 [INFO ] [QUEUE] เริ่มดึงข้อมูลสำหรับ setting_id: 21, date: 2026-01-05 {"service":"websocket-server"}
2026-01-05 02:13:59.307 [INFO ] [QUEUE] ดึง settings สำเร็จ - department_load: 4, style_voice: 2, voice: 3 {"service":"websocket-server"}
2026-01-05 02:13:59.340 [INFO ] [QUEUE] ผลลัพธ์จาก DB - wait: 16, active: 0, call: ไม่มี, skip: 0 {"service":"websocket-server"}
2026-01-05 02:14:01.226 [INFO ] [QUEUE] เริ่มดึงข้อมูลสำหรับ setting_id: 21, date: 2026-01-05 {"service":"websocket-server"}
2026-01-05 02:14:01.303 [INFO ] [QUEUE] ดึง settings สำเร็จ - department_load: 4, style_voice: 2, voice: 3 {"service":"websocket-server"}
2026-01-05 02:14:01.334 [INFO ] [QUEUE] ผลลัพธ์จาก DB - wait: 16, active: 0, call: ไม่มี, skip: 0 {"service":"websocket-server"}
2026-01-05 02:14:03.228 [INFO ] [QUEUE] เริ่มดึงข้อมูลสำหรับ setting_id: 21, date: 2026-01-05 {"service":"websocket-server"}
2026-01-05 02:14:03.305 [INFO ] [QUEUE] ดึง settings สำเร็จ - department_load: 4, style_voice: 2, voice: 3 {"service":"websocket-server"}
2026-01-05 02:14:03.339 [INFO ] [QUEUE] ผลลัพธ์จาก DB - wait: 16, active: 0, call: ไม่มี, skip: 0 {"service":"websocket-server"}
2026-01-05 02:14:05.229 [INFO ] [QUEUE] เริ่มดึงข้อมูลสำหรับ setting_id: 21, date: 2026-01-05 {"service":"websocket-server"}
2026-01-05 02:14:05.306 [INFO ] [QUEUE] ดึง settings สำเร็จ - department_load: 4, style_voice: 2, voice: 3 {"service":"websocket-server"}
2026-01-05 02:14:05.335 [INFO ] [QUEUE] ผลลัพธ์จาก DB - wait: 16, active: 0, call: ไม่มี, skip: 0 {"service":"websocket-server"}
2026-01-05 02:14:07.230 [INFO ] [QUEUE] เริ่มดึงข้อมูลสำหรับ setting_id: 21, date: 2026-01-05 {"service":"websocket-server"}
2026-01-05 02:14:07.305 [INFO ] [QUEUE] ดึง settings สำเร็จ - department_load: 4, style_voice: 2, voice: 3 {"service":"websocket-server"}
2026-01-05 02:14:07.345 [INFO ] [QUEUE] ผลลัพธ์จาก DB - wait: 16, active: 0, call: ไม่มี, skip: 0 {"service":"websocket-server"}
2026-01-05 02:14:09.231 [INFO ] [QUEUE] เริ่มดึงข้อมูลสำหรับ setting_id: 21, date: 2026-01-05 {"service":"websocket-server"}
2026-01-05 02:14:09.314 [INFO ] [QUEUE] ดึง settings สำเร็จ - department_load: 4, style_voice: 2, voice: 3 {"service":"websocket-server"}
2026-01-05 02:14:09.343 [INFO ] [QUEUE] ผลลัพธ์จาก DB - wait: 16, active: 0, call: ไม่มี, skip: 0 {"service":"websocket-server"}
2026-01-05 02:14:11.231 [INFO ] [QUEUE] เริ่มดึงข้อมูลสำหรับ setting_id: 21, date: 2026-01-05 {"service":"websocket-server"}
2026-01-05 02:14:11.310 [INFO ] [QUEUE] ดึง settings สำเร็จ - department_load: 4, style_voice: 2, voice: 3 {"service":"websocket-server"}
2026-01-05 02:14:11.343 [INFO ] [QUEUE] ผลลัพธ์จาก DB - wait: 16, active: 0, call: ไม่มี, skip: 0 {"service":"websocket-server"}
2026-01-05 02:14:13.232 [INFO ] [QUEUE] เริ่มดึงข้อมูลสำหรับ setting_id: 21, date: 2026-01-05 {"service":"websocket-server"}
2026-01-05 02:14:13.328 [INFO ] [QUEUE] ดึง settings สำเร็จ - department_load: 4, style_voice: 2, voice: 3 {"service":"websocket-server"}
2026-01-05 02:14:13.361 [INFO ] [QUEUE] ผลลัพธ์จาก DB - wait: 16, active: 0, call: ไม่มี, skip: 0 {"service":"websocket-server"}
2026-01-05 02:14:15.233 [INFO ] [QUEUE] เริ่มดึงข้อมูลสำหรับ setting_id: 21, date: 2026-01-05 {"service":"websocket-server"}
2026-01-05 02:14:15.319 [INFO ] [QUEUE] ดึง settings สำเร็จ - department_load: 4, style_voice: 2, voice: 3 {"service":"websocket-server"}
2026-01-05 02:14:15.360 [INFO ] [QUEUE] ผลลัพธ์จาก DB - wait: 16, active: 0, call: ไม่มี, skip: 0 {"service":"websocket-server"}
2026-01-05 02:14:17.234 [INFO ] [QUEUE] เริ่มดึงข้อมูลสำหรับ setting_id: 21, date: 2026-01-05 {"service":"websocket-server"}
2026-01-05 02:14:17.320 [INFO ] [QUEUE] ดึง settings สำเร็จ - department_load: 4, style_voice: 2, voice: 3 {"service":"websocket-server"}
2026-01-05 02:14:17.351 [INFO ] [QUEUE] ผลลัพธ์จาก DB - wait: 16, active: 0, call: ไม่มี, skip: 0 {"service":"websocket-server"}
2026-01-05 02:14:19.235 [INFO ] [QUEUE] เริ่มดึงข้อมูลสำหรับ setting_id: 21, date: 2026-01-05 {"service":"websocket-server"}
2026-01-05 02:14:19.327 [INFO ] [QUEUE] ดึง settings สำเร็จ - department_load: 4, style_voice: 2, voice: 3 {"service":"websocket-server"}
2026-01-05 02:14:19.356 [INFO ] [QUEUE] ผลลัพธ์จาก DB - wait: 16, active: 0, call: ไม่มี, skip: 0 {"service":"websocket-server"}
2026-01-05 02:14:21.236 [INFO ] [QUEUE] เริ่มดึงข้อมูลสำหรับ setting_id: 21, date: 2026-01-05 {"service":"websocket-server"}
2026-01-05 02:14:21.321 [INFO ] [QUEUE] ดึง settings สำเร็จ - department_load: 4, style_voice: 2, voice: 3 {"service":"websocket-server"}
2026-01-05 02:14:21.347 [INFO ] [QUEUE] ผลลัพธ์จาก DB - wait: 16, active: 0, call: ไม่มี, skip: 0 {"service":"websocket-server"}
2026-01-05 02:14:23.236 [INFO ] [QUEUE] เริ่มดึงข้อมูลสำหรับ setting_id: 21, date: 2026-01-05 {"service":"websocket-server"}
2026-01-05 02:14:23.323 [INFO ] [QUEUE] ดึง settings สำเร็จ - department_load: 4, style_voice: 2, voice: 3 {"service":"websocket-server"}
2026-01-05 02:14:23.358 [INFO ] [QUEUE] ผลลัพธ์จาก DB - wait: 16, active: 0, call: ไม่มี, skip: 0 {"service":"websocket-server"}
2026-01-05 02:14:25.237 [INFO ] [QUEUE] เริ่มดึงข้อมูลสำหรับ setting_id: 21, date: 2026-01-05 {"service":"websocket-server"}
2026-01-05 02:14:25.316 [INFO ] [QUEUE] ดึง settings สำเร็จ - department_load: 4, style_voice: 2, voice: 3 {"service":"websocket-server"}
2026-01-05 02:14:25.348 [INFO ] [QUEUE] ผลลัพธ์จาก DB - wait: 16, active: 0, call: ไม่มี, skip: 0 {"service":"websocket-server"}
2026-01-05 02:14:27.238 [INFO ] [QUEUE] เริ่มดึงข้อมูลสำหรับ setting_id: 21, date: 2026-01-05 {"service":"websocket-server"}
2026-01-05 02:14:27.323 [INFO ] [QUEUE] ดึง settings สำเร็จ - department_load: 4, style_voice: 2, voice: 3 {"service":"websocket-server"}
2026-01-05 02:14:27.395 [INFO ] [QUEUE] ผลลัพธ์จาก DB - wait: 16, active: 0, call: ไม่มี, skip: 0 {"service":"websocket-server"}
2026-01-05 02:14:29.238 [INFO ] [QUEUE] เริ่มดึงข้อมูลสำหรับ setting_id: 21, date: 2026-01-05 {"service":"websocket-server"}
2026-01-05 02:14:29.318 [INFO ] [QUEUE] ดึง settings สำเร็จ - department_load: 4, style_voice: 2, voice: 3 {"service":"websocket-server"}
2026-01-05 02:14:29.355 [INFO ] [QUEUE] ผลลัพธ์จาก DB - wait: 16, active: 0, call: ไม่มี, skip: 0 {"service":"websocket-server"}
2026-01-05 02:14:31.239 [INFO ] [QUEUE] เริ่มดึงข้อมูลสำหรับ setting_id: 21, date: 2026-01-05 {"service":"websocket-server"}
2026-01-05 02:14:31.330 [INFO ] [QUEUE] ดึง settings สำเร็จ - department_load: 4, style_voice: 2, voice: 3 {"service":"websocket-server"}
2026-01-05 02:14:31.358 [INFO ] [QUEUE] ผลลัพธ์จาก DB - wait: 16, active: 0, call: ไม่มี, skip: 0 {"service":"websocket-server"}
2026-01-05 02:14:33.240 [INFO ] [QUEUE] เริ่มดึงข้อมูลสำหรับ setting_id: 21, date: 2026-01-05 {"service":"websocket-server"}
2026-01-05 02:14:33.334 [INFO ] [QUEUE] ดึง settings สำเร็จ - department_load: 4, style_voice: 2, voice: 3 {"service":"websocket-server"}
2026-01-05 02:14:33.367 [INFO ] [QUEUE] ผลลัพธ์จาก DB - wait: 16, active: 0, call: ไม่มี, skip: 0 {"service":"websocket-server"}
2026-01-05 02:14:35.241 [INFO ] [QUEUE] เริ่มดึงข้อมูลสำหรับ setting_id: 21, date: 2026-01-05 {"service":"websocket-server"}
2026-01-05 02:14:35.321 [INFO ] [QUEUE] ดึง settings สำเร็จ - department_load: 4, style_voice: 2, voice: 3 {"service":"websocket-server"}
2026-01-05 02:14:35.347 [INFO ] [QUEUE] ผลลัพธ์จาก DB - wait: 16, active: 0, call: ไม่มี, skip: 0 {"service":"websocket-server"}
2026-01-05 02:14:37.241 [INFO ] [QUEUE] เริ่มดึงข้อมูลสำหรับ setting_id: 21, date: 2026-01-05 {"service":"websocket-server"}
2026-01-05 02:14:37.317 [INFO ] [QUEUE] ดึง settings สำเร็จ - department_load: 4, style_voice: 2, voice: 3 {"service":"websocket-server"}
2026-01-05 02:14:37.358 [INFO ] [QUEUE] ผลลัพธ์จาก DB - wait: 16, active: 0, call: ไม่มี, skip: 0 {"service":"websocket-server"}
2026-01-05 02:14:39.243 [INFO ] [QUEUE] เริ่มดึงข้อมูลสำหรับ setting_id: 21, date: 2026-01-05 {"service":"websocket-server"}
2026-01-05 02:14:39.326 [INFO ] [QUEUE] ดึง settings สำเร็จ - department_load: 4, style_voice: 2, voice: 3 {"service":"websocket-server"}
2026-01-05 02:14:39.376 [INFO ] [QUEUE] ผลลัพธ์จาก DB - wait: 16, active: 0, call: ไม่มี, skip: 0 {"service":"websocket-server"}
2026-01-05 02:14:41.243 [INFO ] [QUEUE] เริ่มดึงข้อมูลสำหรับ setting_id: 21, date: 2026-01-05 {"service":"websocket-server"}
2026-01-05 02:14:41.322 [INFO ] [QUEUE] ดึง settings สำเร็จ - department_load: 4, style_voice: 2, voice: 3 {"service":"websocket-server"}
2026-01-05 02:14:41.354 [INFO ] [QUEUE] ผลลัพธ์จาก DB - wait: 16, active: 0, call: ไม่มี, skip: 0 {"service":"websocket-server"}
2026-01-05 02:14:43.244 [INFO ] [QUEUE] เริ่มดึงข้อมูลสำหรับ setting_id: 21, date: 2026-01-05 {"service":"websocket-server"}
2026-01-05 02:14:43.324 [INFO ] [QUEUE] ดึง settings สำเร็จ - department_load: 4, style_voice: 2, voice: 3 {"service":"websocket-server"}
2026-01-05 02:14:43.354 [INFO ] [QUEUE] ผลลัพธ์จาก DB - wait: 16, active: 0, call: ไม่มี, skip: 0 {"service":"websocket-server"}
2026-01-05 02:14:45.244 [INFO ] [QUEUE] เริ่มดึงข้อมูลสำหรับ setting_id: 21, date: 2026-01-05 {"service":"websocket-server"}
2026-01-05 02:14:45.322 [INFO ] [QUEUE] ดึง settings สำเร็จ - department_load: 4, style_voice: 2, voice: 3 {"service":"websocket-server"}
2026-01-05 02:14:45.359 [INFO ] [QUEUE] ผลลัพธ์จาก DB - wait: 16, active: 0, call: ไม่มี, skip: 0 {"service":"websocket-server"}
2026-01-05 02:14:47.246 [INFO ] [QUEUE] เริ่มดึงข้อมูลสำหรับ setting_id: 21, date: 2026-01-05 {"service":"websocket-server"}
2026-01-05 02:14:47.325 [INFO ] [QUEUE] ดึง settings สำเร็จ - department_load: 4, style_voice: 2, voice: 3 {"service":"websocket-server"}
2026-01-05 02:14:47.353 [INFO ] [QUEUE] ผลลัพธ์จาก DB - wait: 16, active: 0, call: ไม่มี, skip: 0 {"service":"websocket-server"}
2026-01-05 02:14:49.247 [INFO ] [QUEUE] เริ่มดึงข้อมูลสำหรับ setting_id: 21, date: 2026-01-05 {"service":"websocket-server"}
2026-01-05 02:14:49.325 [INFO ] [QUEUE] ดึง settings สำเร็จ - department_load: 4, style_voice: 2, voice: 3 {"service":"websocket-server"}
2026-01-05 02:14:49.357 [INFO ] [QUEUE] ผลลัพธ์จาก DB - wait: 16, active: 0, call: ไม่มี, skip: 0 {"service":"websocket-server"}
2026-01-05 02:14:51.248 [INFO ] [QUEUE] เริ่มดึงข้อมูลสำหรับ setting_id: 21, date: 2026-01-05 {"service":"websocket-server"}
2026-01-05 02:14:51.326 [INFO ] [QUEUE] ดึง settings สำเร็จ - department_load: 4, style_voice: 2, voice: 3 {"service":"websocket-server"}
2026-01-05 02:14:51.359 [INFO ] [QUEUE] ผลลัพธ์จาก DB - wait: 16, active: 0, call: ไม่มี, skip: 0 {"service":"websocket-server"}
2026-01-05 02:14:53.250 [INFO ] [QUEUE] เริ่มดึงข้อมูลสำหรับ setting_id: 21, date: 2026-01-05 {"service":"websocket-server"}
2026-01-05 02:14:53.335 [INFO ] [QUEUE] ดึง settings สำเร็จ - department_load: 4, style_voice: 2, voice: 3 {"service":"websocket-server"}
2026-01-05 02:14:53.366 [INFO ] [QUEUE] ผลลัพธ์จาก DB - wait: 16, active: 0, call: ไม่มี, skip: 0 {"service":"websocket-server"}
2026-01-05 02:14:55.251 [INFO ] [QUEUE] เริ่มดึงข้อมูลสำหรับ setting_id: 21, date: 2026-01-05 {"service":"websocket-server"}
2026-01-05 02:14:55.330 [INFO ] [QUEUE] ดึง settings สำเร็จ - department_load: 4, style_voice: 2, voice: 3 {"service":"websocket-server"}
2026-01-05 02:14:55.360 [INFO ] [QUEUE] ผลลัพธ์จาก DB - wait: 16, active: 0, call: ไม่มี, skip: 0 {"service":"websocket-server"}
2026-01-05 02:14:57.252 [INFO ] [QUEUE] เริ่มดึงข้อมูลสำหรับ setting_id: 21, date: 2026-01-05 {"service":"websocket-server"}
2026-01-05 02:14:57.353 [INFO ] [QUEUE] ดึง settings สำเร็จ - department_load: 4, style_voice: 2, voice: 3 {"service":"websocket-server"}
2026-01-05 02:14:57.384 [INFO ] [QUEUE] ผลลัพธ์จาก DB - wait: 16, active: 0, call: ไม่มี, skip: 0 {"service":"websocket-server"}
2026-01-05 02:14:59.252 [INFO ] [QUEUE] เริ่มดึงข้อมูลสำหรับ setting_id: 21, date: 2026-01-05 {"service":"websocket-server"}
2026-01-05 02:14:59.335 [INFO ] [QUEUE] ดึง settings สำเร็จ - department_load: 4, style_voice: 2, voice: 3 {"service":"websocket-server"}
2026-01-05 02:14:59.370 [INFO ] [QUEUE] ผลลัพธ์จาก DB - wait: 16, active: 0, call: ไม่มี, skip: 0 {"service":"websocket-server"}
2026-01-05 02:15:01.253 [INFO ] [QUEUE] เริ่มดึงข้อมูลสำหรับ setting_id: 21, date: 2026-01-05 {"service":"websocket-server"}
2026-01-05 02:15:01.333 [INFO ] [QUEUE] ดึง settings สำเร็จ - department_load: 4, style_voice: 2, voice: 3 {"service":"websocket-server"}
2026-01-05 02:15:01.362 [INFO ] [QUEUE] ผลลัพธ์จาก DB - wait: 16, active: 0, call: ไม่มี, skip: 0 {"service":"websocket-server"}
2026-01-05 02:15:03.254 [INFO ] [QUEUE] เริ่มดึงข้อมูลสำหรับ setting_id: 21, date: 2026-01-05 {"service":"websocket-server"}
2026-01-05 02:15:03.327 [INFO ] [QUEUE] ดึง settings สำเร็จ - department_load: 4, style_voice: 2, voice: 3 {"service":"websocket-server"}
2026-01-05 02:15:03.358 [INFO ] [QUEUE] ผลลัพธ์จาก DB - wait: 16, active: 0, call: ไม่มี, skip: 0 {"service":"websocket-server"}
2026-01-05 02:15:05.255 [INFO ] [QUEUE] เริ่มดึงข้อมูลสำหรับ setting_id: 21, date: 2026-01-05 {"service":"websocket-server"}
2026-01-05 02:15:05.342 [INFO ] [QUEUE] ดึง settings สำเร็จ - department_load: 4, style_voice: 2, voice: 3 {"service":"websocket-server"}
2026-01-05 02:15:05.369 [INFO ] [QUEUE] ผลลัพธ์จาก DB - wait: 16, active: 0, call: ไม่มี, skip: 0 {"service":"websocket-server"}
2026-01-05 02:15:06.861 [INFO ] Client disconnected {"service":"websocket-server"}
2026-01-05 02:15:07.994 [INFO ] Client connected {"service":"websocket-server"}
2026-01-05 02:15:07.994 [INFO ] Client registered for setting_id: 21 {"service":"websocket-server"}
2026-01-05 02:15:07.994 [INFO ] Client registered for query_type: queue {"service":"websocket-server"}
2026-01-05 02:15:09.257 [INFO ] [QUEUE] เริ่มดึงข้อมูลสำหรับ setting_id: 21, date: 2026-01-05 {"service":"websocket-server"}
2026-01-05 02:15:09.342 [INFO ] [QUEUE] ดึง settings สำเร็จ - department_load: 4, style_voice: 2, voice: 3 {"service":"websocket-server"}
2026-01-05 02:15:09.372 [INFO ] [QUEUE] ผลลัพธ์จาก DB - wait: 16, active: 0, call: ไม่มี, skip: 0 {"service":"websocket-server"}
2026-01-05 02:15:09.373 [INFO ] [QUEUE] ✅ ส่งข้อมูลกลับไปยัง client สำเร็จ - wait: 16, active: 0, call: ไม่มี {"service":"websocket-server"}
2026-01-05 02:15:11.258 [INFO ] [QUEUE] เริ่มดึงข้อมูลสำหรับ setting_id: 21, date: 2026-01-05 {"service":"websocket-server"}
2026-01-05 02:15:11.340 [INFO ] [QUEUE] ดึง settings สำเร็จ - department_load: 4, style_voice: 2, voice: 3 {"service":"websocket-server"}
2026-01-05 02:15:11.383 [INFO ] [QUEUE] ผลลัพธ์จาก DB - wait: 16, active: 0, call: ไม่มี, skip: 0 {"service":"websocket-server"}
2026-01-05 02:15:13.259 [INFO ] [QUEUE] เริ่มดึงข้อมูลสำหรับ setting_id: 21, date: 2026-01-05 {"service":"websocket-server"}
2026-01-05 02:15:13.334 [INFO ] [QUEUE] ดึง settings สำเร็จ - department_load: 4, style_voice: 2, voice: 3 {"service":"websocket-server"}
2026-01-05 02:15:13.363 [INFO ] [QUEUE] ผลลัพธ์จาก DB - wait: 16, active: 0, call: ไม่มี, skip: 0 {"service":"websocket-server"}
2026-01-05 02:15:15.259 [INFO ] [QUEUE] เริ่มดึงข้อมูลสำหรับ setting_id: 21, date: 2026-01-05 {"service":"websocket-server"}
2026-01-05 02:15:15.339 [INFO ] [QUEUE] ดึง settings สำเร็จ - department_load: 4, style_voice: 2, voice: 3 {"service":"websocket-server"}
2026-01-05 02:15:15.373 [INFO ] [QUEUE] ผลลัพธ์จาก DB - wait: 16, active: 0, call: ไม่มี, skip: 0 {"service":"websocket-server"}
2026-01-05 02:15:17.260 [INFO ] [QUEUE] เริ่มดึงข้อมูลสำหรับ setting_id: 21, date: 2026-01-05 {"service":"websocket-server"}
2026-01-05 02:15:17.334 [INFO ] [QUEUE] ดึง settings สำเร็จ - department_load: 4, style_voice: 2, voice: 3 {"service":"websocket-server"}
2026-01-05 02:15:17.362 [INFO ] [QUEUE] ผลลัพธ์จาก DB - wait: 16, active: 0, call: ไม่มี, skip: 0 {"service":"websocket-server"}
2026-01-05 02:15:19.262 [INFO ] [QUEUE] เริ่มดึงข้อมูลสำหรับ setting_id: 21, date: 2026-01-05 {"service":"websocket-server"}
2026-01-05 02:15:19.346 [INFO ] [QUEUE] ดึง settings สำเร็จ - department_load: 4, style_voice: 2, voice: 3 {"service":"websocket-server"}
2026-01-05 02:15:19.374 [INFO ] [QUEUE] ผลลัพธ์จาก DB - wait: 16, active: 0, call: ไม่มี, skip: 0 {"service":"websocket-server"}
2026-01-05 02:15:21.263 [INFO ] [QUEUE] เริ่มดึงข้อมูลสำหรับ setting_id: 21, date: 2026-01-05 {"service":"websocket-server"}
2026-01-05 02:15:21.343 [INFO ] [QUEUE] ดึง settings สำเร็จ - department_load: 4, style_voice: 2, voice: 3 {"service":"websocket-server"}
2026-01-05 02:15:21.382 [INFO ] [QUEUE] ผลลัพธ์จาก DB - wait: 16, active: 0, call: ไม่มี, skip: 0 {"service":"websocket-server"}
2026-01-05 02:15:23.264 [INFO ] [QUEUE] เริ่มดึงข้อมูลสำหรับ setting_id: 21, date: 2026-01-05 {"service":"websocket-server"}
2026-01-05 02:15:23.350 [INFO ] [QUEUE] ดึง settings สำเร็จ - department_load: 4, style_voice: 2, voice: 3 {"service":"websocket-server"}
2026-01-05 02:15:23.379 [INFO ] [QUEUE] ผลลัพธ์จาก DB - wait: 16, active: 0, call: ไม่มี, skip: 0 {"service":"websocket-server"}
2026-01-05 02:15:25.264 [INFO ] [QUEUE] เริ่มดึงข้อมูลสำหรับ setting_id: 21, date: 2026-01-05 {"service":"websocket-server"}
2026-01-05 02:15:25.343 [INFO ] [QUEUE] ดึง settings สำเร็จ - department_load: 4, style_voice: 2, voice: 3 {"service":"websocket-server"}
2026-01-05 02:15:25.376 [INFO ] [QUEUE] ผลลัพธ์จาก DB - wait: 16, active: 0, call: ไม่มี, skip: 0 {"service":"websocket-server"}
2026-01-05 02:15:27.266 [INFO ] [QUEUE] เริ่มดึงข้อมูลสำหรับ setting_id: 21, date: 2026-01-05 {"service":"websocket-server"}
2026-01-05 02:15:27.354 [INFO ] [QUEUE] ดึง settings สำเร็จ - department_load: 4, style_voice: 2, voice: 3 {"service":"websocket-server"}
2026-01-05 02:15:27.385 [INFO ] [QUEUE] ผลลัพธ์จาก DB - wait: 16, active: 0, call: ไม่มี, skip: 0 {"service":"websocket-server"}
2026-01-05 02:15:29.267 [INFO ] [QUEUE] เริ่มดึงข้อมูลสำหรับ setting_id: 21, date: 2026-01-05 {"service":"websocket-server"}
2026-01-05 02:15:29.348 [INFO ] [QUEUE] ดึง settings สำเร็จ - department_load: 4, style_voice: 2, voice: 3 {"service":"websocket-server"}
2026-01-05 02:15:29.381 [INFO ] [QUEUE] ผลลัพธ์จาก DB - wait: 16, active: 0, call: ไม่มี, skip: 0 {"service":"websocket-server"}
2026-01-05 02:15:31.267 [INFO ] [QUEUE] เริ่มดึงข้อมูลสำหรับ setting_id: 21, date: 2026-01-05 {"service":"websocket-server"}
2026-01-05 02:15:31.350 [INFO ] [QUEUE] ดึง settings สำเร็จ - department_load: 4, style_voice: 2, voice: 3 {"service":"websocket-server"}
2026-01-05 02:15:31.426 [INFO ] [QUEUE] ผลลัพธ์จาก DB - wait: 16, active: 0, call: ไม่มี, skip: 0 {"service":"websocket-server"}
2026-01-05 02:15:33.269 [INFO ] [QUEUE] เริ่มดึงข้อมูลสำหรับ setting_id: 21, date: 2026-01-05 {"service":"websocket-server"}
2026-01-05 02:15:33.351 [INFO ] [QUEUE] ดึง settings สำเร็จ - department_load: 4, style_voice: 2, voice: 3 {"service":"websocket-server"}
2026-01-05 02:15:33.386 [INFO ] [QUEUE] ผลลัพธ์จาก DB - wait: 16, active: 0, call: ไม่มี, skip: 0 {"service":"websocket-server"}
2026-01-05 02:15:35.270 [INFO ] [QUEUE] เริ่มดึงข้อมูลสำหรับ setting_id: 21, date: 2026-01-05 {"service":"websocket-server"}
2026-01-05 02:15:35.355 [INFO ] [QUEUE] ดึง settings สำเร็จ - department_load: 4, style_voice: 2, voice: 3 {"service":"websocket-server"}
2026-01-05 02:15:35.379 [INFO ] [QUEUE] ผลลัพธ์จาก DB - wait: 16, active: 0, call: ไม่มี, skip: 0 {"service":"websocket-server"}
2026-01-05 02:15:37.271 [INFO ] [QUEUE] เริ่มดึงข้อมูลสำหรับ setting_id: 21, date: 2026-01-05 {"service":"websocket-server"}
2026-01-05 02:15:37.350 [INFO ] [QUEUE] ดึง settings สำเร็จ - department_load: 4, style_voice: 2, voice: 3 {"service":"websocket-server"}
2026-01-05 02:15:37.378 [INFO ] [QUEUE] ผลลัพธ์จาก DB - wait: 16, active: 0, call: ไม่มี, skip: 0 {"service":"websocket-server"}
2026-01-05 02:15:39.272 [INFO ] [QUEUE] เริ่มดึงข้อมูลสำหรับ setting_id: 21, date: 2026-01-05 {"service":"websocket-server"}
2026-01-05 02:15:39.348 [INFO ] [QUEUE] ดึง settings สำเร็จ - department_load: 4, style_voice: 2, voice: 3 {"service":"websocket-server"}
2026-01-05 02:15:39.384 [INFO ] [QUEUE] ผลลัพธ์จาก DB - wait: 16, active: 0, call: ไม่มี, skip: 0 {"service":"websocket-server"}
2026-01-05 02:15:41.273 [INFO ] [QUEUE] เริ่มดึงข้อมูลสำหรับ setting_id: 21, date: 2026-01-05 {"service":"websocket-server"}
2026-01-05 02:15:41.351 [INFO ] [QUEUE] ดึง settings สำเร็จ - department_load: 4, style_voice: 2, voice: 3 {"service":"websocket-server"}
2026-01-05 02:15:41.378 [INFO ] [QUEUE] ผลลัพธ์จาก DB - wait: 16, active: 0, call: ไม่มี, skip: 0 {"service":"websocket-server"}
2026-01-05 02:15:43.274 [INFO ] [QUEUE] เริ่มดึงข้อมูลสำหรับ setting_id: 21, date: 2026-01-05 {"service":"websocket-server"}
2026-01-05 02:15:43.365 [INFO ] [QUEUE] ดึง settings สำเร็จ - department_load: 4, style_voice: 2, voice: 3 {"service":"websocket-server"}
2026-01-05 02:15:43.399 [INFO ] [QUEUE] ผลลัพธ์จาก DB - wait: 16, active: 0, call: ไม่มี, skip: 0 {"service":"websocket-server"}
2026-01-05 02:15:45.274 [INFO ] [QUEUE] เริ่มดึงข้อมูลสำหรับ setting_id: 21, date: 2026-01-05 {"service":"websocket-server"}
2026-01-05 02:15:45.353 [INFO ] [QUEUE] ดึง settings สำเร็จ - department_load: 4, style_voice: 2, voice: 3 {"service":"websocket-server"}
2026-01-05 02:15:45.379 [INFO ] [QUEUE] ผลลัพธ์จาก DB - wait: 16, active: 0, call: ไม่มี, skip: 0 {"service":"websocket-server"}
2026-01-05 02:15:47.275 [INFO ] [QUEUE] เริ่มดึงข้อมูลสำหรับ setting_id: 21, date: 2026-01-05 {"service":"websocket-server"}
2026-01-05 02:15:47.360 [INFO ] [QUEUE] ดึง settings สำเร็จ - department_load: 4, style_voice: 2, voice: 3 {"service":"websocket-server"}
2026-01-05 02:15:47.393 [INFO ] [QUEUE] ผลลัพธ์จาก DB - wait: 16, active: 0, call: ไม่มี, skip: 0 {"service":"websocket-server"}
2026-01-05 02:15:49.276 [INFO ] [QUEUE] เริ่มดึงข้อมูลสำหรับ setting_id: 21, date: 2026-01-05 {"service":"websocket-server"}
2026-01-05 02:15:49.359 [INFO ] [QUEUE] ดึง settings สำเร็จ - department_load: 4, style_voice: 2, voice: 3 {"service":"websocket-server"}
2026-01-05 02:15:49.392 [INFO ] [QUEUE] ผลลัพธ์จาก DB - wait: 16, active: 0, call: ไม่มี, skip: 0 {"service":"websocket-server"}
2026-01-05 02:15:51.277 [INFO ] [QUEUE] เริ่มดึงข้อมูลสำหรับ setting_id: 21, date: 2026-01-05 {"service":"websocket-server"}
2026-01-05 02:15:51.355 [INFO ] [QUEUE] ดึง settings สำเร็จ - department_load: 4, style_voice: 2, voice: 3 {"service":"websocket-server"}
2026-01-05 02:15:51.396 [INFO ] [QUEUE] ผลลัพธ์จาก DB - wait: 16, active: 0, call: ไม่มี, skip: 0 {"service":"websocket-server"}
2026-01-05 02:15:53.277 [INFO ] [QUEUE] เริ่มดึงข้อมูลสำหรับ setting_id: 21, date: 2026-01-05 {"service":"websocket-server"}
2026-01-05 02:15:53.370 [INFO ] [QUEUE] ดึง settings สำเร็จ - department_load: 4, style_voice: 2, voice: 3 {"service":"websocket-server"}
2026-01-05 02:15:53.401 [INFO ] [QUEUE] ผลลัพธ์จาก DB - wait: 16, active: 0, call: ไม่มี, skip: 0 {"service":"websocket-server"}
2026-01-05 02:15:55.278 [INFO ] [QUEUE] เริ่มดึงข้อมูลสำหรับ setting_id: 21, date: 2026-01-05 {"service":"websocket-server"}
2026-01-05 02:15:55.356 [INFO ] [QUEUE] ดึง settings สำเร็จ - department_load: 4, style_voice: 2, voice: 3 {"service":"websocket-server"}
2026-01-05 02:15:55.392 [INFO ] [QUEUE] ผลลัพธ์จาก DB - wait: 16, active: 0, call: ไม่มี, skip: 0 {"service":"websocket-server"}
2026-01-05 02:15:57.280 [INFO ] [QUEUE] เริ่มดึงข้อมูลสำหรับ setting_id: 21, date: 2026-01-05 {"service":"websocket-server"}
2026-01-05 02:15:57.361 [INFO ] [QUEUE] ดึง settings สำเร็จ - department_load: 4, style_voice: 2, voice: 3 {"service":"websocket-server"}
2026-01-05 02:15:57.391 [INFO ] [QUEUE] ผลลัพธ์จาก DB - wait: 16, active: 0, call: ไม่มี, skip: 0 {"service":"websocket-server"}
2026-01-05 02:15:59.281 [INFO ] [QUEUE] เริ่มดึงข้อมูลสำหรับ setting_id: 21, date: 2026-01-05 {"service":"websocket-server"}
2026-01-05 02:15:59.366 [INFO ] [QUEUE] ดึง settings สำเร็จ - department_load: 4, style_voice: 2, voice: 3 {"service":"websocket-server"}
2026-01-05 02:15:59.396 [INFO ] [QUEUE] ผลลัพธ์จาก DB - wait: 16, active: 0, call: ไม่มี, skip: 0 {"service":"websocket-server"}
2026-01-05 02:16:01.282 [INFO ] [QUEUE] เริ่มดึงข้อมูลสำหรับ setting_id: 21, date: 2026-01-05 {"service":"websocket-server"}
2026-01-05 02:16:01.368 [INFO ] [QUEUE] ดึง settings สำเร็จ - department_load: 4, style_voice: 2, voice: 3 {"service":"websocket-server"}
2026-01-05 02:16:01.398 [INFO ] [QUEUE] ผลลัพธ์จาก DB - wait: 16, active: 0, call: ไม่มี, skip: 0 {"service":"websocket-server"}
2026-01-05 02:16:03.284 [INFO ] [QUEUE] เริ่มดึงข้อมูลสำหรับ setting_id: 21, date: 2026-01-05 {"service":"websocket-server"}
2026-01-05 02:16:03.367 [INFO ] [QUEUE] ดึง settings สำเร็จ - department_load: 4, style_voice: 2, voice: 3 {"service":"websocket-server"}
2026-01-05 02:16:03.393 [INFO ] [QUEUE] ผลลัพธ์จาก DB - wait: 16, active: 0, call: ไม่มี, skip: 0 {"service":"websocket-server"}
2026-01-05 02:16:05.284 [INFO ] [QUEUE] เริ่มดึงข้อมูลสำหรับ setting_id: 21, date: 2026-01-05 {"service":"websocket-server"}
2026-01-05 02:16:05.359 [INFO ] [QUEUE] ดึง settings สำเร็จ - department_load: 4, style_voice: 2, voice: 3 {"service":"websocket-server"}
2026-01-05 02:16:05.385 [INFO ] [QUEUE] ผลลัพธ์จาก DB - wait: 16, active: 0, call: ไม่มี, skip: 0 {"service":"websocket-server"}
2026-01-05 02:16:07.286 [INFO ] [QUEUE] เริ่มดึงข้อมูลสำหรับ setting_id: 21, date: 2026-01-05 {"service":"websocket-server"}
2026-01-05 02:16:07.367 [INFO ] [QUEUE] ดึง settings สำเร็จ - department_load: 4, style_voice: 2, voice: 3 {"service":"websocket-server"}
2026-01-05 02:16:07.396 [INFO ] [QUEUE] ผลลัพธ์จาก DB - wait: 16, active: 0, call: ไม่มี, skip: 0 {"service":"websocket-server"}
2026-01-05 02:16:09.286 [INFO ] [QUEUE] เริ่มดึงข้อมูลสำหรับ setting_id: 21, date: 2026-01-05 {"service":"websocket-server"}
2026-01-05 02:16:09.378 [INFO ] [QUEUE] ดึง settings สำเร็จ - department_load: 4, style_voice: 2, voice: 3 {"service":"websocket-server"}
2026-01-05 02:16:09.411 [INFO ] [QUEUE] ผลลัพธ์จาก DB - wait: 16, active: 0, call: ไม่มี, skip: 0 {"service":"websocket-server"}
2026-01-05 02:16:11.288 [INFO ] [QUEUE] เริ่มดึงข้อมูลสำหรับ setting_id: 21, date: 2026-01-05 {"service":"websocket-server"}
2026-01-05 02:16:11.364 [INFO ] [QUEUE] ดึง settings สำเร็จ - department_load: 4, style_voice: 2, voice: 3 {"service":"websocket-server"}
2026-01-05 02:16:11.394 [INFO ] [QUEUE] ผลลัพธ์จาก DB - wait: 16, active: 0, call: ไม่มี, skip: 0 {"service":"websocket-server"}
2026-01-05 02:16:13.289 [INFO ] [QUEUE] เริ่มดึงข้อมูลสำหรับ setting_id: 21, date: 2026-01-05 {"service":"websocket-server"}
2026-01-05 02:16:13.369 [INFO ] [QUEUE] ดึง settings สำเร็จ - department_load: 4, style_voice: 2, voice: 3 {"service":"websocket-server"}
2026-01-05 02:16:13.402 [INFO ] [QUEUE] ผลลัพธ์จาก DB - wait: 16, active: 0, call: ไม่มี, skip: 0 {"service":"websocket-server"}
2026-01-05 02:16:15.289 [INFO ] [QUEUE] เริ่มดึงข้อมูลสำหรับ setting_id: 21, date: 2026-01-05 {"service":"websocket-server"}
2026-01-05 02:16:15.400 [INFO ] [QUEUE] ดึง settings สำเร็จ - department_load: 4, style_voice: 2, voice: 3 {"service":"websocket-server"}
2026-01-05 02:16:15.431 [INFO ] [QUEUE] ผลลัพธ์จาก DB - wait: 16, active: 0, call: ไม่มี, skip: 0 {"service":"websocket-server"}
2026-01-05 02:16:17.290 [INFO ] [QUEUE] เริ่มดึงข้อมูลสำหรับ setting_id: 21, date: 2026-01-05 {"service":"websocket-server"}
2026-01-05 02:16:17.373 [INFO ] [QUEUE] ดึง settings สำเร็จ - department_load: 4, style_voice: 2, voice: 3 {"service":"websocket-server"}
2026-01-05 02:16:17.410 [INFO ] [QUEUE] ผลลัพธ์จาก DB - wait: 15, active: 1, call: ไม่มี, skip: 0 {"service":"websocket-server"}
2026-01-05 02:16:17.410 [INFO ] [QUEUE] ✅ ส่งข้อมูลกลับไปยัง client สำเร็จ - wait: 15, active: 1, call: ไม่มี {"service":"websocket-server"}
2026-01-05 02:16:19.291 [INFO ] [QUEUE] เริ่มดึงข้อมูลสำหรับ setting_id: 21, date: 2026-01-05 {"service":"websocket-server"}
2026-01-05 02:16:19.376 [INFO ] [QUEUE] ดึง settings สำเร็จ - department_load: 4, style_voice: 2, voice: 3 {"service":"websocket-server"}
2026-01-05 02:16:19.406 [INFO ] [QUEUE] ผลลัพธ์จาก DB - wait: 15, active: 1, call: ไม่มี, skip: 0 {"service":"websocket-server"}
2026-01-05 02:16:21.292 [INFO ] [QUEUE] เริ่มดึงข้อมูลสำหรับ setting_id: 21, date: 2026-01-05 {"service":"websocket-server"}
2026-01-05 02:16:21.385 [INFO ] [QUEUE] ดึง settings สำเร็จ - department_load: 4, style_voice: 2, voice: 3 {"service":"websocket-server"}
2026-01-05 02:16:21.416 [INFO ] [QUEUE] ผลลัพธ์จาก DB - wait: 15, active: 1, call: ไม่มี, skip: 0 {"service":"websocket-server"}
2026-01-05 02:16:23.294 [INFO ] [QUEUE] เริ่มดึงข้อมูลสำหรับ setting_id: 21, date: 2026-01-05 {"service":"websocket-server"}
2026-01-05 02:16:23.383 [INFO ] [QUEUE] ดึง settings สำเร็จ - department_load: 4, style_voice: 2, voice: 3 {"service":"websocket-server"}
2026-01-05 02:16:23.416 [INFO ] [QUEUE] ผลลัพธ์จาก DB - wait: 15, active: 1, call: ไม่มี, skip: 0 {"service":"websocket-server"}
2026-01-05 02:16:25.293 [INFO ] [QUEUE] เริ่มดึงข้อมูลสำหรับ setting_id: 21, date: 2026-01-05 {"service":"websocket-server"}
2026-01-05 02:16:25.397 [INFO ] [QUEUE] ดึง settings สำเร็จ - department_load: 4, style_voice: 2, voice: 3 {"service":"websocket-server"}
2026-01-05 02:16:25.424 [INFO ] [QUEUE] ผลลัพธ์จาก DB - wait: 15, active: 1, call: ไม่มี, skip: 0 {"service":"websocket-server"}
2026-01-05 02:16:27.294 [INFO ] [QUEUE] เริ่มดึงข้อมูลสำหรับ setting_id: 21, date: 2026-01-05 {"service":"websocket-server"}
2026-01-05 02:16:27.376 [INFO ] [QUEUE] ดึง settings สำเร็จ - department_load: 4, style_voice: 2, voice: 3 {"service":"websocket-server"}
2026-01-05 02:16:27.409 [INFO ] [QUEUE] ผลลัพธ์จาก DB - wait: 15, active: 1, call: ไม่มี, skip: 0 {"service":"websocket-server"}
2026-01-05 02:16:29.295 [INFO ] [QUEUE] เริ่มดึงข้อมูลสำหรับ setting_id: 21, date: 2026-01-05 {"service":"websocket-server"}
2026-01-05 02:16:29.370 [INFO ] [QUEUE] ดึง settings สำเร็จ - department_load: 4, style_voice: 2, voice: 3 {"service":"websocket-server"}
2026-01-05 02:16:29.398 [INFO ] [QUEUE] ผลลัพธ์จาก DB - wait: 15, active: 1, call: ไม่มี, skip: 0 {"service":"websocket-server"}
2026-01-05 02:16:31.295 [INFO ] [QUEUE] เริ่มดึงข้อมูลสำหรับ setting_id: 21, date: 2026-01-05 {"service":"websocket-server"}
2026-01-05 02:16:31.380 [INFO ] [QUEUE] ดึง settings สำเร็จ - department_load: 4, style_voice: 2, voice: 3 {"service":"websocket-server"}
2026-01-05 02:16:31.412 [INFO ] [QUEUE] ผลลัพธ์จาก DB - wait: 15, active: 1, call: ไม่มี, skip: 0 {"service":"websocket-server"}
2026-01-05 02:16:33.297 [INFO ] [QUEUE] เริ่มดึงข้อมูลสำหรับ setting_id: 21, date: 2026-01-05 {"service":"websocket-server"}
2026-01-05 02:16:33.382 [INFO ] [QUEUE] ดึง settings สำเร็จ - department_load: 4, style_voice: 2, voice: 3 {"service":"websocket-server"}
2026-01-05 02:16:33.409 [INFO ] [QUEUE] ผลลัพธ์จาก DB - wait: 15, active: 1, call: ไม่มี, skip: 0 {"service":"websocket-server"}
2026-01-05 02:16:35.297 [INFO ] [QUEUE] เริ่มดึงข้อมูลสำหรับ setting_id: 21, date: 2026-01-05 {"service":"websocket-server"}
2026-01-05 02:16:35.376 [INFO ] [QUEUE] ดึง settings สำเร็จ - department_load: 4, style_voice: 2, voice: 3 {"service":"websocket-server"}
2026-01-05 02:16:35.411 [INFO ] [QUEUE] ผลลัพธ์จาก DB - wait: 15, active: 1, call: ไม่มี, skip: 0 {"service":"websocket-server"}
2026-01-05 02:16:35.550 [INFO ] Client disconnected {"service":"websocket-server"}
2026-01-05 02:16:59.983 [INFO ] Client connected {"service":"websocket-server"}
2026-01-05 02:16:59.984 [INFO ] Client registered for setting_id: 22 {"service":"websocket-server"}
2026-01-05 02:16:59.984 [INFO ] Client registered for query_type: queue {"service":"websocket-server"}
2026-01-05 02:17:01.310 [INFO ] [QUEUE] เริ่มดึงข้อมูลสำหรับ setting_id: 22, date: 2026-01-05 {"service":"websocket-server"}
2026-01-05 02:17:01.405 [INFO ] [QUEUE] ดึง settings สำเร็จ - department_load: 2, style_voice: 2, voice: 3 {"service":"websocket-server"}
2026-01-05 02:17:01.443 [INFO ] [QUEUE] ผลลัพธ์จาก DB - wait: 0, active: 0, call: ไม่มี, skip: 0 {"service":"websocket-server"}
2026-01-05 02:17:01.443 [INFO ] [QUEUE] ✅ ส่งข้อมูลกลับไปยัง client สำเร็จ - wait: 0, active: 0, call: ไม่มี {"service":"websocket-server"}
2026-01-05 02:17:03.311 [INFO ] [QUEUE] เริ่มดึงข้อมูลสำหรับ setting_id: 22, date: 2026-01-05 {"service":"websocket-server"}
2026-01-05 02:17:03.387 [INFO ] [QUEUE] ดึง settings สำเร็จ - department_load: 2, style_voice: 2, voice: 3 {"service":"websocket-server"}
2026-01-05 02:17:03.418 [INFO ] [QUEUE] ผลลัพธ์จาก DB - wait: 0, active: 0, call: ไม่มี, skip: 0 {"service":"websocket-server"}
2026-01-05 02:17:05.312 [INFO ] [QUEUE] เริ่มดึงข้อมูลสำหรับ setting_id: 22, date: 2026-01-05 {"service":"websocket-server"}
2026-01-05 02:17:05.392 [INFO ] [QUEUE] ดึง settings สำเร็จ - department_load: 2, style_voice: 2, voice: 3 {"service":"websocket-server"}
2026-01-05 02:17:05.423 [INFO ] [QUEUE] ผลลัพธ์จาก DB - wait: 0, active: 0, call: ไม่มี, skip: 0 {"service":"websocket-server"}
2026-01-05 02:17:07.312 [INFO ] [QUEUE] เริ่มดึงข้อมูลสำหรับ setting_id: 22, date: 2026-01-05 {"service":"websocket-server"}
2026-01-05 02:17:07.390 [INFO ] [QUEUE] ดึง settings สำเร็จ - department_load: 2, style_voice: 2, voice: 3 {"service":"websocket-server"}
2026-01-05 02:17:07.426 [INFO ] [QUEUE] ผลลัพธ์จาก DB - wait: 0, active: 0, call: ไม่มี, skip: 0 {"service":"websocket-server"}
2026-01-05 02:17:09.314 [INFO ] [QUEUE] เริ่มดึงข้อมูลสำหรับ setting_id: 22, date: 2026-01-05 {"service":"websocket-server"}
2026-01-05 02:17:09.387 [INFO ] [QUEUE] ดึง settings สำเร็จ - department_load: 2, style_voice: 2, voice: 3 {"service":"websocket-server"}
2026-01-05 02:17:09.417 [INFO ] [QUEUE] ผลลัพธ์จาก DB - wait: 0, active: 0, call: ไม่มี, skip: 0 {"service":"websocket-server"}
2026-01-05 02:17:11.314 [INFO ] [QUEUE] เริ่มดึงข้อมูลสำหรับ setting_id: 22, date: 2026-01-05 {"service":"websocket-server"}
2026-01-05 02:17:11.398 [INFO ] [QUEUE] ดึง settings สำเร็จ - department_load: 2, style_voice: 2, voice: 3 {"service":"websocket-server"}
2026-01-05 02:17:11.424 [INFO ] [QUEUE] ผลลัพธ์จาก DB - wait: 0, active: 0, call: ไม่มี, skip: 0 {"service":"websocket-server"}
2026-01-05 02:17:13.316 [INFO ] [QUEUE] เริ่มดึงข้อมูลสำหรับ setting_id: 22, date: 2026-01-05 {"service":"websocket-server"}
2026-01-05 02:17:13.402 [INFO ] [QUEUE] ดึง settings สำเร็จ - department_load: 2, style_voice: 2, voice: 3 {"service":"websocket-server"}
2026-01-05 02:17:13.428 [INFO ] [QUEUE] ผลลัพธ์จาก DB - wait: 0, active: 0, call: ไม่มี, skip: 0 {"service":"websocket-server"}
2026-01-05 02:17:15.316 [INFO ] [QUEUE] เริ่มดึงข้อมูลสำหรับ setting_id: 22, date: 2026-01-05 {"service":"websocket-server"}
2026-01-05 02:17:15.404 [INFO ] [QUEUE] ดึง settings สำเร็จ - department_load: 2, style_voice: 2, voice: 3 {"service":"websocket-server"}
2026-01-05 02:17:15.436 [INFO ] [QUEUE] ผลลัพธ์จาก DB - wait: 0, active: 0, call: ไม่มี, skip: 0 {"service":"websocket-server"}
2026-01-05 02:17:17.318 [INFO ] [QUEUE] เริ่มดึงข้อมูลสำหรับ setting_id: 22, date: 2026-01-05 {"service":"websocket-server"}
2026-01-05 02:17:17.402 [INFO ] [QUEUE] ดึง settings สำเร็จ - department_load: 2, style_voice: 2, voice: 3 {"service":"websocket-server"}
2026-01-05 02:17:17.427 [INFO ] [QUEUE] ผลลัพธ์จาก DB - wait: 0, active: 0, call: ไม่มี, skip: 0 {"service":"websocket-server"}
2026-01-05 02:17:19.318 [INFO ] [QUEUE] เริ่มดึงข้อมูลสำหรับ setting_id: 22, date: 2026-01-05 {"service":"websocket-server"}
2026-01-05 02:17:19.406 [INFO ] [QUEUE] ดึง settings สำเร็จ - department_load: 2, style_voice: 2, voice: 3 {"service":"websocket-server"}
2026-01-05 02:17:19.439 [INFO ] [QUEUE] ผลลัพธ์จาก DB - wait: 0, active: 0, call: ไม่มี, skip: 0 {"service":"websocket-server"}
2026-01-05 02:17:21.320 [INFO ] [QUEUE] เริ่มดึงข้อมูลสำหรับ setting_id: 22, date: 2026-01-05 {"service":"websocket-server"}
2026-01-05 02:17:21.409 [INFO ] [QUEUE] ดึง settings สำเร็จ - department_load: 2, style_voice: 2, voice: 3 {"service":"websocket-server"}
2026-01-05 02:17:21.434 [INFO ] [QUEUE] ผลลัพธ์จาก DB - wait: 0, active: 0, call: ไม่มี, skip: 0 {"service":"websocket-server"}
2026-01-05 02:17:23.321 [INFO ] [QUEUE] เริ่มดึงข้อมูลสำหรับ setting_id: 22, date: 2026-01-05 {"service":"websocket-server"}
2026-01-05 02:17:23.403 [INFO ] [QUEUE] ดึง settings สำเร็จ - department_load: 2, style_voice: 2, voice: 3 {"service":"websocket-server"}
2026-01-05 02:17:23.430 [INFO ] [QUEUE] ผลลัพธ์จาก DB - wait: 0, active: 0, call: ไม่มี, skip: 0 {"service":"websocket-server"}
2026-01-05 02:17:25.322 [INFO ] [QUEUE] เริ่มดึงข้อมูลสำหรับ setting_id: 22, date: 2026-01-05 {"service":"websocket-server"}
2026-01-05 02:17:25.409 [INFO ] [QUEUE] ดึง settings สำเร็จ - department_load: 2, style_voice: 2, voice: 3 {"service":"websocket-server"}
2026-01-05 02:17:25.435 [INFO ] [QUEUE] ผลลัพธ์จาก DB - wait: 0, active: 0, call: ไม่มี, skip: 0 {"service":"websocket-server"}
2026-01-05 02:17:27.322 [INFO ] [QUEUE] เริ่มดึงข้อมูลสำหรับ setting_id: 22, date: 2026-01-05 {"service":"websocket-server"}
2026-01-05 02:17:27.393 [INFO ] [QUEUE] ดึง settings สำเร็จ - department_load: 2, style_voice: 2, voice: 3 {"service":"websocket-server"}
2026-01-05 02:17:27.422 [INFO ] [QUEUE] ผลลัพธ์จาก DB - wait: 0, active: 0, call: ไม่มี, skip: 0 {"service":"websocket-server"}
2026-01-05 02:17:29.324 [INFO ] [QUEUE] เริ่มดึงข้อมูลสำหรับ setting_id: 22, date: 2026-01-05 {"service":"websocket-server"}
2026-01-05 02:17:29.402 [INFO ] [QUEUE] ดึง settings สำเร็จ - department_load: 2, style_voice: 2, voice: 3 {"service":"websocket-server"}
2026-01-05 02:17:29.431 [INFO ] [QUEUE] ผลลัพธ์จาก DB - wait: 0, active: 0, call: ไม่มี, skip: 0 {"service":"websocket-server"}
2026-01-05 02:17:31.325 [INFO ] [QUEUE] เริ่มดึงข้อมูลสำหรับ setting_id: 22, date: 2026-01-05 {"service":"websocket-server"}
2026-01-05 02:17:31.410 [INFO ] [QUEUE] ดึง settings สำเร็จ - department_load: 2, style_voice: 2, voice: 3 {"service":"websocket-server"}
2026-01-05 02:17:31.441 [INFO ] [QUEUE] ผลลัพธ์จาก DB - wait: 0, active: 0, call: ไม่มี, skip: 0 {"service":"websocket-server"}
2026-01-05 02:17:33.326 [INFO ] [QUEUE] เริ่มดึงข้อมูลสำหรับ setting_id: 22, date: 2026-01-05 {"service":"websocket-server"}
2026-01-05 02:17:33.415 [INFO ] [QUEUE] ดึง settings สำเร็จ - department_load: 2, style_voice: 2, voice: 3 {"service":"websocket-server"}
2026-01-05 02:17:33.457 [INFO ] [QUEUE] ผลลัพธ์จาก DB - wait: 0, active: 0, call: ไม่มี, skip: 0 {"service":"websocket-server"}
2026-01-05 02:17:35.326 [INFO ] [QUEUE] เริ่มดึงข้อมูลสำหรับ setting_id: 22, date: 2026-01-05 {"service":"websocket-server"}
2026-01-05 02:17:35.402 [INFO ] [QUEUE] ดึง settings สำเร็จ - department_load: 2, style_voice: 2, voice: 3 {"service":"websocket-server"}
2026-01-05 02:17:35.434 [INFO ] [QUEUE] ผลลัพธ์จาก DB - wait: 0, active: 0, call: ไม่มี, skip: 0 {"service":"websocket-server"}
2026-01-05 02:17:37.327 [INFO ] [QUEUE] เริ่มดึงข้อมูลสำหรับ setting_id: 22, date: 2026-01-05 {"service":"websocket-server"}
2026-01-05 02:17:37.415 [INFO ] [QUEUE] ดึง settings สำเร็จ - department_load: 2, style_voice: 2, voice: 3 {"service":"websocket-server"}
2026-01-05 02:17:37.440 [INFO ] [QUEUE] ผลลัพธ์จาก DB - wait: 0, active: 0, call: ไม่มี, skip: 0 {"service":"websocket-server"}
2026-01-05 02:17:39.329 [INFO ] [QUEUE] เริ่มดึงข้อมูลสำหรับ setting_id: 22, date: 2026-01-05 {"service":"websocket-server"}
2026-01-05 02:17:39.399 [INFO ] [QUEUE] ดึง settings สำเร็จ - department_load: 2, style_voice: 2, voice: 3 {"service":"websocket-server"}
2026-01-05 02:17:39.426 [INFO ] [QUEUE] ผลลัพธ์จาก DB - wait: 0, active: 0, call: ไม่มี, skip: 0 {"service":"websocket-server"}
2026-01-05 02:17:41.329 [INFO ] [QUEUE] เริ่มดึงข้อมูลสำหรับ setting_id: 22, date: 2026-01-05 {"service":"websocket-server"}
2026-01-05 02:17:41.410 [INFO ] [QUEUE] ดึง settings สำเร็จ - department_load: 2, style_voice: 2, voice: 3 {"service":"websocket-server"}
2026-01-05 02:17:41.434 [INFO ] [QUEUE] ผลลัพธ์จาก DB - wait: 0, active: 0, call: ไม่มี, skip: 0 {"service":"websocket-server"}
2026-01-05 02:17:43.331 [INFO ] [QUEUE] เริ่มดึงข้อมูลสำหรับ setting_id: 22, date: 2026-01-05 {"service":"websocket-server"}
2026-01-05 02:17:43.419 [INFO ] [QUEUE] ดึง settings สำเร็จ - department_load: 2, style_voice: 2, voice: 3 {"service":"websocket-server"}
2026-01-05 02:17:43.445 [INFO ] [QUEUE] ผลลัพธ์จาก DB - wait: 0, active: 0, call: ไม่มี, skip: 0 {"service":"websocket-server"}
2026-01-05 02:17:45.331 [INFO ] [QUEUE] เริ่มดึงข้อมูลสำหรับ setting_id: 22, date: 2026-01-05 {"service":"websocket-server"}
2026-01-05 02:17:45.408 [INFO ] [QUEUE] ดึง settings สำเร็จ - department_load: 2, style_voice: 2, voice: 3 {"service":"websocket-server"}
2026-01-05 02:17:45.438 [INFO ] [QUEUE] ผลลัพธ์จาก DB - wait: 0, active: 0, call: ไม่มี, skip: 0 {"service":"websocket-server"}
2026-01-05 02:17:47.333 [INFO ] [QUEUE] เริ่มดึงข้อมูลสำหรับ setting_id: 22, date: 2026-01-05 {"service":"websocket-server"}
2026-01-05 02:17:47.420 [INFO ] [QUEUE] ดึง settings สำเร็จ - department_load: 2, style_voice: 2, voice: 3 {"service":"websocket-server"}
2026-01-05 02:17:47.447 [INFO ] [QUEUE] ผลลัพธ์จาก DB - wait: 0, active: 0, call: ไม่มี, skip: 0 {"service":"websocket-server"}
2026-01-05 02:17:49.333 [INFO ] [QUEUE] เริ่มดึงข้อมูลสำหรับ setting_id: 22, date: 2026-01-05 {"service":"websocket-server"}
2026-01-05 02:17:49.413 [INFO ] [QUEUE] ดึง settings สำเร็จ - department_load: 2, style_voice: 2, voice: 3 {"service":"websocket-server"}
2026-01-05 02:17:49.445 [INFO ] [QUEUE] ผลลัพธ์จาก DB - wait: 0, active: 0, call: ไม่มี, skip: 0 {"service":"websocket-server"}
2026-01-05 02:17:51.334 [INFO ] [QUEUE] เริ่มดึงข้อมูลสำหรับ setting_id: 22, date: 2026-01-05 {"service":"websocket-server"}
2026-01-05 02:17:51.432 [INFO ] [QUEUE] ดึง settings สำเร็จ - department_load: 2, style_voice: 2, voice: 3 {"service":"websocket-server"}
2026-01-05 02:17:51.461 [INFO ] [QUEUE] ผลลัพธ์จาก DB - wait: 0, active: 0, call: ไม่มี, skip: 0 {"service":"websocket-server"}
2026-01-05 02:17:53.336 [INFO ] [QUEUE] เริ่มดึงข้อมูลสำหรับ setting_id: 22, date: 2026-01-05 {"service":"websocket-server"}
2026-01-05 02:17:53.414 [INFO ] [QUEUE] ดึง settings สำเร็จ - department_load: 2, style_voice: 2, voice: 3 {"service":"websocket-server"}
2026-01-05 02:17:53.446 [INFO ] [QUEUE] ผลลัพธ์จาก DB - wait: 0, active: 0, call: ไม่มี, skip: 0 {"service":"websocket-server"}
2026-01-05 02:17:55.337 [INFO ] [QUEUE] เริ่มดึงข้อมูลสำหรับ setting_id: 22, date: 2026-01-05 {"service":"websocket-server"}
2026-01-05 02:17:55.416 [INFO ] [QUEUE] ดึง settings สำเร็จ - department_load: 2, style_voice: 2, voice: 3 {"service":"websocket-server"}
2026-01-05 02:17:55.444 [INFO ] [QUEUE] ผลลัพธ์จาก DB - wait: 0, active: 0, call: ไม่มี, skip: 0 {"service":"websocket-server"}
2026-01-05 02:17:57.338 [INFO ] [QUEUE] เริ่มดึงข้อมูลสำหรับ setting_id: 22, date: 2026-01-05 {"service":"websocket-server"}
2026-01-05 02:17:57.441 [INFO ] [QUEUE] ดึง settings สำเร็จ - department_load: 2, style_voice: 2, voice: 3 {"service":"websocket-server"}
2026-01-05 02:17:57.477 [INFO ] [QUEUE] ผลลัพธ์จาก DB - wait: 0, active: 0, call: ไม่มี, skip: 0 {"service":"websocket-server"}
2026-01-05 02:17:59.338 [INFO ] [QUEUE] เริ่มดึงข้อมูลสำหรับ setting_id: 22, date: 2026-01-05 {"service":"websocket-server"}
2026-01-05 02:17:59.422 [INFO ] [QUEUE] ดึง settings สำเร็จ - department_load: 2, style_voice: 2, voice: 3 {"service":"websocket-server"}
2026-01-05 02:17:59.449 [INFO ] [QUEUE] ผลลัพธ์จาก DB - wait: 0, active: 0, call: ไม่มี, skip: 0 {"service":"websocket-server"}
2026-01-05 02:18:01.340 [INFO ] [QUEUE] เริ่มดึงข้อมูลสำหรับ setting_id: 22, date: 2026-01-05 {"service":"websocket-server"}
2026-01-05 02:18:01.415 [INFO ] [QUEUE] ดึง settings สำเร็จ - department_load: 2, style_voice: 2, voice: 3 {"service":"websocket-server"}
2026-01-05 02:18:01.442 [INFO ] [QUEUE] ผลลัพธ์จาก DB - wait: 0, active: 0, call: ไม่มี, skip: 0 {"service":"websocket-server"}
2026-01-05 02:18:03.341 [INFO ] [QUEUE] เริ่มดึงข้อมูลสำหรับ setting_id: 22, date: 2026-01-05 {"service":"websocket-server"}
2026-01-05 02:18:03.427 [INFO ] [QUEUE] ดึง settings สำเร็จ - department_load: 2, style_voice: 2, voice: 3 {"service":"websocket-server"}
2026-01-05 02:18:03.460 [INFO ] [QUEUE] ผลลัพธ์จาก DB - wait: 0, active: 0, call: ไม่มี, skip: 0 {"service":"websocket-server"}
2026-01-05 02:18:05.341 [INFO ] [QUEUE] เริ่มดึงข้อมูลสำหรับ setting_id: 22, date: 2026-01-05 {"service":"websocket-server"}
2026-01-05 02:18:05.425 [INFO ] [QUEUE] ดึง settings สำเร็จ - department_load: 2, style_voice: 2, voice: 3 {"service":"websocket-server"}
2026-01-05 02:18:05.462 [INFO ] [QUEUE] ผลลัพธ์จาก DB - wait: 0, active: 0, call: ไม่มี, skip: 0 {"service":"websocket-server"}
2026-01-05 02:18:07.343 [INFO ] [QUEUE] เริ่มดึงข้อมูลสำหรับ setting_id: 22, date: 2026-01-05 {"service":"websocket-server"}
2026-01-05 02:18:07.429 [INFO ] [QUEUE] ดึง settings สำเร็จ - department_load: 2, style_voice: 2, voice: 3 {"service":"websocket-server"}
2026-01-05 02:18:07.461 [INFO ] [QUEUE] ผลลัพธ์จาก DB - wait: 0, active: 0, call: ไม่มี, skip: 0 {"service":"websocket-server"}
2026-01-05 02:18:09.344 [INFO ] [QUEUE] เริ่มดึงข้อมูลสำหรับ setting_id: 22, date: 2026-01-05 {"service":"websocket-server"}
2026-01-05 02:18:09.446 [INFO ] [QUEUE] ดึง settings สำเร็จ - department_load: 2, style_voice: 2, voice: 3 {"service":"websocket-server"}
2026-01-05 02:18:09.475 [INFO ] [QUEUE] ผลลัพธ์จาก DB - wait: 0, active: 0, call: ไม่มี, skip: 0 {"service":"websocket-server"}
2026-01-05 02:18:11.346 [INFO ] [QUEUE] เริ่มดึงข้อมูลสำหรับ setting_id: 22, date: 2026-01-05 {"service":"websocket-server"}
2026-01-05 02:18:11.429 [INFO ] [QUEUE] ดึง settings สำเร็จ - department_load: 2, style_voice: 2, voice: 3 {"service":"websocket-server"}
2026-01-05 02:18:11.468 [INFO ] [QUEUE] ผลลัพธ์จาก DB - wait: 0, active: 0, call: ไม่มี, skip: 0 {"service":"websocket-server"}
2026-01-05 02:18:13.347 [INFO ] [QUEUE] เริ่มดึงข้อมูลสำหรับ setting_id: 22, date: 2026-01-05 {"service":"websocket-server"}
2026-01-05 02:18:13.425 [INFO ] [QUEUE] ดึง settings สำเร็จ - department_load: 2, style_voice: 2, voice: 3 {"service":"websocket-server"}
2026-01-05 02:18:13.450 [INFO ] [QUEUE] ผลลัพธ์จาก DB - wait: 0, active: 0, call: ไม่มี, skip: 0 {"service":"websocket-server"}
2026-01-05 02:18:15.348 [INFO ] [QUEUE] เริ่มดึงข้อมูลสำหรับ setting_id: 22, date: 2026-01-05 {"service":"websocket-server"}
2026-01-05 02:18:15.421 [INFO ] [QUEUE] ดึง settings สำเร็จ - department_load: 2, style_voice: 2, voice: 3 {"service":"websocket-server"}
2026-01-05 02:18:15.450 [INFO ] [QUEUE] ผลลัพธ์จาก DB - wait: 0, active: 0, call: ไม่มี, skip: 0 {"service":"websocket-server"}
2026-01-05 02:18:17.348 [INFO ] [QUEUE] เริ่มดึงข้อมูลสำหรับ setting_id: 22, date: 2026-01-05 {"service":"websocket-server"}
2026-01-05 02:18:17.424 [INFO ] [QUEUE] ดึง settings สำเร็จ - department_load: 2, style_voice: 2, voice: 3 {"service":"websocket-server"}
2026-01-05 02:18:17.448 [INFO ] [QUEUE] ผลลัพธ์จาก DB - wait: 0, active: 0, call: ไม่มี, skip: 0 {"service":"websocket-server"}
2026-01-05 02:18:19.349 [INFO ] [QUEUE] เริ่มดึงข้อมูลสำหรับ setting_id: 22, date: 2026-01-05 {"service":"websocket-server"}
2026-01-05 02:18:19.438 [INFO ] [QUEUE] ดึง settings สำเร็จ - department_load: 2, style_voice: 2, voice: 3 {"service":"websocket-server"}
2026-01-05 02:18:19.468 [INFO ] [QUEUE] ผลลัพธ์จาก DB - wait: 0, active: 0, call: ไม่มี, skip: 0 {"service":"websocket-server"}
2026-01-05 02:18:21.350 [INFO ] [QUEUE] เริ่มดึงข้อมูลสำหรับ setting_id: 22, date: 2026-01-05 {"service":"websocket-server"}
2026-01-05 02:18:21.437 [INFO ] [QUEUE] ดึง settings สำเร็จ - department_load: 2, style_voice: 2, voice: 3 {"service":"websocket-server"}
2026-01-05 02:18:21.462 [INFO ] [QUEUE] ผลลัพธ์จาก DB - wait: 0, active: 0, call: ไม่มี, skip: 0 {"service":"websocket-server"}
2026-01-05 02:18:23.351 [INFO ] [QUEUE] เริ่มดึงข้อมูลสำหรับ setting_id: 22, date: 2026-01-05 {"service":"websocket-server"}
2026-01-05 02:18:23.427 [INFO ] [QUEUE] ดึง settings สำเร็จ - department_load: 2, style_voice: 2, voice: 3 {"service":"websocket-server"}
2026-01-05 02:18:23.458 [INFO ] [QUEUE] ผลลัพธ์จาก DB - wait: 0, active: 0, call: ไม่มี, skip: 0 {"service":"websocket-server"}
2026-01-05 02:18:25.352 [INFO ] [QUEUE] เริ่มดึงข้อมูลสำหรับ setting_id: 22, date: 2026-01-05 {"service":"websocket-server"}
2026-01-05 02:18:25.432 [INFO ] [QUEUE] ดึง settings สำเร็จ - department_load: 2, style_voice: 2, voice: 3 {"service":"websocket-server"}
2026-01-05 02:18:25.457 [INFO ] [QUEUE] ผลลัพธ์จาก DB - wait: 0, active: 0, call: ไม่มี, skip: 0 {"service":"websocket-server"}
2026-01-05 02:18:27.354 [INFO ] [QUEUE] เริ่มดึงข้อมูลสำหรับ setting_id: 22, date: 2026-01-05 {"service":"websocket-server"}
2026-01-05 02:18:27.432 [INFO ] [QUEUE] ดึง settings สำเร็จ - department_load: 2, style_voice: 2, voice: 3 {"service":"websocket-server"}
2026-01-05 02:18:27.456 [INFO ] [QUEUE] ผลลัพธ์จาก DB - wait: 0, active: 0, call: ไม่มี, skip: 0 {"service":"websocket-server"}
2026-01-05 02:18:29.355 [INFO ] [QUEUE] เริ่มดึงข้อมูลสำหรับ setting_id: 22, date: 2026-01-05 {"service":"websocket-server"}
2026-01-05 02:18:29.435 [INFO ] [QUEUE] ดึง settings สำเร็จ - department_load: 2, style_voice: 2, voice: 3 {"service":"websocket-server"}
2026-01-05 02:18:29.465 [INFO ] [QUEUE] ผลลัพธ์จาก DB - wait: 0, active: 0, call: ไม่มี, skip: 0 {"service":"websocket-server"}
2026-01-05 02:18:31.356 [INFO ] [QUEUE] เริ่มดึงข้อมูลสำหรับ setting_id: 22, date: 2026-01-05 {"service":"websocket-server"}
2026-01-05 02:18:31.446 [INFO ] [QUEUE] ดึง settings สำเร็จ - department_load: 2, style_voice: 2, voice: 3 {"service":"websocket-server"}
2026-01-05 02:18:31.474 [INFO ] [QUEUE] ผลลัพธ์จาก DB - wait: 0, active: 0, call: ไม่มี, skip: 0 {"service":"websocket-server"}
2026-01-05 02:18:33.357 [INFO ] [QUEUE] เริ่มดึงข้อมูลสำหรับ setting_id: 22, date: 2026-01-05 {"service":"websocket-server"}
2026-01-05 02:18:33.430 [INFO ] [QUEUE] ดึง settings สำเร็จ - department_load: 2, style_voice: 2, voice: 3 {"service":"websocket-server"}
2026-01-05 02:18:33.463 [INFO ] [QUEUE] ผลลัพธ์จาก DB - wait: 0, active: 0, call: ไม่มี, skip: 0 {"service":"websocket-server"}
2026-01-05 02:18:35.359 [INFO ] [QUEUE] เริ่มดึงข้อมูลสำหรับ setting_id: 22, date: 2026-01-05 {"service":"websocket-server"}
2026-01-05 02:18:35.439 [INFO ] [QUEUE] ดึง settings สำเร็จ - department_load: 2, style_voice: 2, voice: 3 {"service":"websocket-server"}
2026-01-05 02:18:35.466 [INFO ] [QUEUE] ผลลัพธ์จาก DB - wait: 0, active: 0, call: ไม่มี, skip: 0 {"service":"websocket-server"}
2026-01-05 02:18:37.359 [INFO ] [QUEUE] เริ่มดึงข้อมูลสำหรับ setting_id: 22, date: 2026-01-05 {"service":"websocket-server"}
2026-01-05 02:18:37.441 [INFO ] [QUEUE] ดึง settings สำเร็จ - department_load: 2, style_voice: 2, voice: 3 {"service":"websocket-server"}
2026-01-05 02:18:37.473 [INFO ] [QUEUE] ผลลัพธ์จาก DB - wait: 0, active: 0, call: ไม่มี, skip: 0 {"service":"websocket-server"}
2026-01-05 02:18:39.361 [INFO ] [QUEUE] เริ่มดึงข้อมูลสำหรับ setting_id: 22, date: 2026-01-05 {"service":"websocket-server"}
2026-01-05 02:18:39.444 [INFO ] [QUEUE] ดึง settings สำเร็จ - department_load: 2, style_voice: 2, voice: 3 {"service":"websocket-server"}
2026-01-05 02:18:39.474 [INFO ] [QUEUE] ผลลัพธ์จาก DB - wait: 0, active: 0, call: ไม่มี, skip: 0 {"service":"websocket-server"}
2026-01-05 02:18:41.363 [INFO ] [QUEUE] เริ่มดึงข้อมูลสำหรับ setting_id: 22, date: 2026-01-05 {"service":"websocket-server"}
2026-01-05 02:18:41.443 [INFO ] [QUEUE] ดึง settings สำเร็จ - department_load: 2, style_voice: 2, voice: 3 {"service":"websocket-server"}
2026-01-05 02:18:41.474 [INFO ] [QUEUE] ผลลัพธ์จาก DB - wait: 0, active: 0, call: ไม่มี, skip: 0 {"service":"websocket-server"}
2026-01-05 02:18:43.364 [INFO ] [QUEUE] เริ่มดึงข้อมูลสำหรับ setting_id: 22, date: 2026-01-05 {"service":"websocket-server"}
2026-01-05 02:18:43.459 [INFO ] [QUEUE] ดึง settings สำเร็จ - department_load: 2, style_voice: 2, voice: 3 {"service":"websocket-server"}
2026-01-05 02:18:43.487 [INFO ] [QUEUE] ผลลัพธ์จาก DB - wait: 0, active: 0, call: ไม่มี, skip: 0 {"service":"websocket-server"}
2026-01-05 02:18:45.365 [INFO ] [QUEUE] เริ่มดึงข้อมูลสำหรับ setting_id: 22, date: 2026-01-05 {"service":"websocket-server"}
2026-01-05 02:18:45.437 [INFO ] [QUEUE] ดึง settings สำเร็จ - department_load: 2, style_voice: 2, voice: 3 {"service":"websocket-server"}
2026-01-05 02:18:45.468 [INFO ] [QUEUE] ผลลัพธ์จาก DB - wait: 0, active: 0, call: ไม่มี, skip: 0 {"service":"websocket-server"}
2026-01-05 02:18:47.367 [INFO ] [QUEUE] เริ่มดึงข้อมูลสำหรับ setting_id: 22, date: 2026-01-05 {"service":"websocket-server"}
2026-01-05 02:18:47.448 [INFO ] [QUEUE] ดึง settings สำเร็จ - department_load: 2, style_voice: 2, voice: 3 {"service":"websocket-server"}
2026-01-05 02:18:47.474 [INFO ] [QUEUE] ผลลัพธ์จาก DB - wait: 0, active: 0, call: ไม่มี, skip: 0 {"service":"websocket-server"}
2026-01-05 02:18:49.368 [INFO ] [QUEUE] เริ่มดึงข้อมูลสำหรับ setting_id: 22, date: 2026-01-05 {"service":"websocket-server"}
2026-01-05 02:18:49.454 [INFO ] [QUEUE] ดึง settings สำเร็จ - department_load: 2, style_voice: 2, voice: 3 {"service":"websocket-server"}
2026-01-05 02:18:49.479 [INFO ] [QUEUE] ผลลัพธ์จาก DB - wait: 0, active: 0, call: ไม่มี, skip: 0 {"service":"websocket-server"}
2026-01-05 02:18:51.370 [INFO ] [QUEUE] เริ่มดึงข้อมูลสำหรับ setting_id: 22, date: 2026-01-05 {"service":"websocket-server"}
2026-01-05 02:18:51.452 [INFO ] [QUEUE] ดึง settings สำเร็จ - department_load: 2, style_voice: 2, voice: 3 {"service":"websocket-server"}
2026-01-05 02:18:51.478 [INFO ] [QUEUE] ผลลัพธ์จาก DB - wait: 0, active: 0, call: ไม่มี, skip: 0 {"service":"websocket-server"}
2026-01-05 02:18:53.371 [INFO ] [QUEUE] เริ่มดึงข้อมูลสำหรับ setting_id: 22, date: 2026-01-05 {"service":"websocket-server"}
2026-01-05 02:18:53.454 [INFO ] [QUEUE] ดึง settings สำเร็จ - department_load: 2, style_voice: 2, voice: 3 {"service":"websocket-server"}
2026-01-05 02:18:53.478 [INFO ] [QUEUE] ผลลัพธ์จาก DB - wait: 0, active: 0, call: ไม่มี, skip: 0 {"service":"websocket-server"}
2026-01-05 02:18:55.372 [INFO ] [QUEUE] เริ่มดึงข้อมูลสำหรับ setting_id: 22, date: 2026-01-05 {"service":"websocket-server"}
2026-01-05 02:18:55.492 [INFO ] [QUEUE] ดึง settings สำเร็จ - department_load: 2, style_voice: 2, voice: 3 {"service":"websocket-server"}
2026-01-05 02:18:55.516 [INFO ] [QUEUE] ผลลัพธ์จาก DB - wait: 0, active: 0, call: ไม่มี, skip: 0 {"service":"websocket-server"}
2026-01-05 02:18:57.373 [INFO ] [QUEUE] เริ่มดึงข้อมูลสำหรับ setting_id: 22, date: 2026-01-05 {"service":"websocket-server"}
2026-01-05 02:18:57.450 [INFO ] [QUEUE] ดึง settings สำเร็จ - department_load: 2, style_voice: 2, voice: 3 {"service":"websocket-server"}
2026-01-05 02:18:57.484 [INFO ] [QUEUE] ผลลัพธ์จาก DB - wait: 0, active: 0, call: ไม่มี, skip: 0 {"service":"websocket-server"}
2026-01-05 02:18:59.375 [INFO ] [QUEUE] เริ่มดึงข้อมูลสำหรับ setting_id: 22, date: 2026-01-05 {"service":"websocket-server"}
2026-01-05 02:18:59.453 [INFO ] [QUEUE] ดึง settings สำเร็จ - department_load: 2, style_voice: 2, voice: 3 {"service":"websocket-server"}
2026-01-05 02:18:59.480 [INFO ] [QUEUE] ผลลัพธ์จาก DB - wait: 0, active: 0, call: ไม่มี, skip: 0 {"service":"websocket-server"}
2026-01-05 02:19:01.376 [INFO ] [QUEUE] เริ่มดึงข้อมูลสำหรับ setting_id: 22, date: 2026-01-05 {"service":"websocket-server"}
2026-01-05 02:19:01.450 [INFO ] [QUEUE] ดึง settings สำเร็จ - department_load: 2, style_voice: 2, voice: 3 {"service":"websocket-server"}
2026-01-05 02:19:01.476 [INFO ] [QUEUE] ผลลัพธ์จาก DB - wait: 0, active: 0, call: ไม่มี, skip: 0 {"service":"websocket-server"}
2026-01-05 02:19:03.377 [INFO ] [QUEUE] เริ่มดึงข้อมูลสำหรับ setting_id: 22, date: 2026-01-05 {"service":"websocket-server"}
2026-01-05 02:19:03.448 [INFO ] [QUEUE] ดึง settings สำเร็จ - department_load: 2, style_voice: 2, voice: 3 {"service":"websocket-server"}
2026-01-05 02:19:03.474 [INFO ] [QUEUE] ผลลัพธ์จาก DB - wait: 0, active: 0, call: ไม่มี, skip: 0 {"service":"websocket-server"}
2026-01-05 02:19:05.379 [INFO ] [QUEUE] เริ่มดึงข้อมูลสำหรับ setting_id: 22, date: 2026-01-05 {"service":"websocket-server"}
2026-01-05 02:19:05.467 [INFO ] [QUEUE] ดึง settings สำเร็จ - department_load: 2, style_voice: 2, voice: 3 {"service":"websocket-server"}
2026-01-05 02:19:05.491 [INFO ] [QUEUE] ผลลัพธ์จาก DB - wait: 0, active: 0, call: ไม่มี, skip: 0 {"service":"websocket-server"}
2026-01-05 02:19:07.379 [INFO ] [QUEUE] เริ่มดึงข้อมูลสำหรับ setting_id: 22, date: 2026-01-05 {"service":"websocket-server"}
2026-01-05 02:19:07.452 [INFO ] [QUEUE] ดึง settings สำเร็จ - department_load: 2, style_voice: 2, voice: 3 {"service":"websocket-server"}
2026-01-05 02:19:07.482 [INFO ] [QUEUE] ผลลัพธ์จาก DB - wait: 0, active: 0, call: ไม่มี, skip: 0 {"service":"websocket-server"}
2026-01-05 02:19:09.380 [INFO ] [QUEUE] เริ่มดึงข้อมูลสำหรับ setting_id: 22, date: 2026-01-05 {"service":"websocket-server"}
2026-01-05 02:19:09.463 [INFO ] [QUEUE] ดึง settings สำเร็จ - department_load: 2, style_voice: 2, voice: 3 {"service":"websocket-server"}
2026-01-05 02:19:09.487 [INFO ] [QUEUE] ผลลัพธ์จาก DB - wait: 0, active: 0, call: ไม่มี, skip: 0 {"service":"websocket-server"}
2026-01-05 02:19:11.381 [INFO ] [QUEUE] เริ่มดึงข้อมูลสำหรับ setting_id: 22, date: 2026-01-05 {"service":"websocket-server"}
2026-01-05 02:19:11.455 [INFO ] [QUEUE] ดึง settings สำเร็จ - department_load: 2, style_voice: 2, voice: 3 {"service":"websocket-server"}
2026-01-05 02:19:11.484 [INFO ] [QUEUE] ผลลัพธ์จาก DB - wait: 0, active: 0, call: ไม่มี, skip: 0 {"service":"websocket-server"}
2026-01-05 02:19:13.379 [INFO ] [QUEUE] เริ่มดึงข้อมูลสำหรับ setting_id: 22, date: 2026-01-05 {"service":"websocket-server"}
2026-01-05 02:19:13.465 [INFO ] [QUEUE] ดึง settings สำเร็จ - department_load: 2, style_voice: 2, voice: 3 {"service":"websocket-server"}
2026-01-05 02:19:13.493 [INFO ] [QUEUE] ผลลัพธ์จาก DB - wait: 0, active: 0, call: ไม่มี, skip: 0 {"service":"websocket-server"}
2026-01-05 02:19:15.377 [INFO ] [QUEUE] เริ่มดึงข้อมูลสำหรับ setting_id: 22, date: 2026-01-05 {"service":"websocket-server"}
2026-01-05 02:19:15.455 [INFO ] [QUEUE] ดึง settings สำเร็จ - department_load: 2, style_voice: 2, voice: 3 {"service":"websocket-server"}
2026-01-05 02:19:15.482 [INFO ] [QUEUE] ผลลัพธ์จาก DB - wait: 0, active: 0, call: ไม่มี, skip: 0 {"service":"websocket-server"}
2026-01-05 02:19:17.375 [INFO ] [QUEUE] เริ่มดึงข้อมูลสำหรับ setting_id: 22, date: 2026-01-05 {"service":"websocket-server"}
2026-01-05 02:19:17.453 [INFO ] [QUEUE] ดึง settings สำเร็จ - department_load: 2, style_voice: 2, voice: 3 {"service":"websocket-server"}
2026-01-05 02:19:17.479 [INFO ] [QUEUE] ผลลัพธ์จาก DB - wait: 0, active: 0, call: ไม่มี, skip: 0 {"service":"websocket-server"}
2026-01-05 02:19:19.373 [INFO ] [QUEUE] เริ่มดึงข้อมูลสำหรับ setting_id: 22, date: 2026-01-05 {"service":"websocket-server"}
2026-01-05 02:19:19.450 [INFO ] [QUEUE] ดึง settings สำเร็จ - department_load: 2, style_voice: 2, voice: 3 {"service":"websocket-server"}
2026-01-05 02:19:19.476 [INFO ] [QUEUE] ผลลัพธ์จาก DB - wait: 0, active: 0, call: ไม่มี, skip: 0 {"service":"websocket-server"}
2026-01-05 02:19:21.372 [INFO ] [QUEUE] เริ่มดึงข้อมูลสำหรับ setting_id: 22, date: 2026-01-05 {"service":"websocket-server"}
2026-01-05 02:19:21.452 [INFO ] [QUEUE] ดึง settings สำเร็จ - department_load: 2, style_voice: 2, voice: 3 {"service":"websocket-server"}
2026-01-05 02:19:21.482 [INFO ] [QUEUE] ผลลัพธ์จาก DB - wait: 0, active: 0, call: ไม่มี, skip: 0 {"service":"websocket-server"}
2026-01-05 02:19:23.371 [INFO ] [QUEUE] เริ่มดึงข้อมูลสำหรับ setting_id: 22, date: 2026-01-05 {"service":"websocket-server"}
2026-01-05 02:19:23.453 [INFO ] [QUEUE] ดึง settings สำเร็จ - department_load: 2, style_voice: 2, voice: 3 {"service":"websocket-server"}
2026-01-05 02:19:23.478 [INFO ] [QUEUE] ผลลัพธ์จาก DB - wait: 0, active: 0, call: ไม่มี, skip: 0 {"service":"websocket-server"}
2026-01-05 02:19:25.370 [INFO ] [QUEUE] เริ่มดึงข้อมูลสำหรับ setting_id: 22, date: 2026-01-05 {"service":"websocket-server"}
2026-01-05 02:19:25.442 [INFO ] [QUEUE] ดึง settings สำเร็จ - department_load: 2, style_voice: 2, voice: 3 {"service":"websocket-server"}
2026-01-05 02:19:25.472 [INFO ] [QUEUE] ผลลัพธ์จาก DB - wait: 0, active: 0, call: ไม่มี, skip: 0 {"service":"websocket-server"}
2026-01-05 02:19:27.370 [INFO ] [QUEUE] เริ่มดึงข้อมูลสำหรับ setting_id: 22, date: 2026-01-05 {"service":"websocket-server"}
2026-01-05 02:19:27.451 [INFO ] [QUEUE] ดึง settings สำเร็จ - department_load: 2, style_voice: 2, voice: 3 {"service":"websocket-server"}
2026-01-05 02:19:27.477 [INFO ] [QUEUE] ผลลัพธ์จาก DB - wait: 0, active: 0, call: ไม่มี, skip: 0 {"service":"websocket-server"}
2026-01-05 02:19:29.370 [INFO ] [QUEUE] เริ่มดึงข้อมูลสำหรับ setting_id: 22, date: 2026-01-05 {"service":"websocket-server"}
2026-01-05 02:19:29.445 [INFO ] [QUEUE] ดึง settings สำเร็จ - department_load: 2, style_voice: 2, voice: 3 {"service":"websocket-server"}
2026-01-05 02:19:29.472 [INFO ] [QUEUE] ผลลัพธ์จาก DB - wait: 0, active: 0, call: ไม่มี, skip: 0 {"service":"websocket-server"}
2026-01-05 02:19:31.369 [INFO ] [QUEUE] เริ่มดึงข้อมูลสำหรับ setting_id: 22, date: 2026-01-05 {"service":"websocket-server"}
2026-01-05 02:19:31.460 [INFO ] [QUEUE] ดึง settings สำเร็จ - department_load: 2, style_voice: 2, voice: 3 {"service":"websocket-server"}
2026-01-05 02:19:31.485 [INFO ] [QUEUE] ผลลัพธ์จาก DB - wait: 0, active: 0, call: ไม่มี, skip: 0 {"service":"websocket-server"}
2026-01-05 02:19:33.369 [INFO ] [QUEUE] เริ่มดึงข้อมูลสำหรับ setting_id: 22, date: 2026-01-05 {"service":"websocket-server"}
2026-01-05 02:19:33.446 [INFO ] [QUEUE] ดึง settings สำเร็จ - department_load: 2, style_voice: 2, voice: 3 {"service":"websocket-server"}
2026-01-05 02:19:33.478 [INFO ] [QUEUE] ผลลัพธ์จาก DB - wait: 0, active: 0, call: ไม่มี, skip: 0 {"service":"websocket-server"}
2026-01-05 02:19:35.370 [INFO ] [QUEUE] เริ่มดึงข้อมูลสำหรับ setting_id: 22, date: 2026-01-05 {"service":"websocket-server"}
2026-01-05 02:19:35.445 [INFO ] [QUEUE] ดึง settings สำเร็จ - department_load: 2, style_voice: 2, voice: 3 {"service":"websocket-server"}
2026-01-05 02:19:35.468 [INFO ] [QUEUE] ผลลัพธ์จาก DB - wait: 0, active: 0, call: ไม่มี, skip: 0 {"service":"websocket-server"}
2026-01-05 02:19:37.370 [INFO ] [QUEUE] เริ่มดึงข้อมูลสำหรับ setting_id: 22, date: 2026-01-05 {"service":"websocket-server"}
2026-01-05 02:19:37.454 [INFO ] [QUEUE] ดึง settings สำเร็จ - department_load: 2, style_voice: 2, voice: 3 {"service":"websocket-server"}
2026-01-05 02:19:37.485 [INFO ] [QUEUE] ผลลัพธ์จาก DB - wait: 0, active: 0, call: ไม่มี, skip: 0 {"service":"websocket-server"}
2026-01-05 02:19:39.371 [INFO ] [QUEUE] เริ่มดึงข้อมูลสำหรับ setting_id: 22, date: 2026-01-05 {"service":"websocket-server"}
2026-01-05 02:19:39.448 [INFO ] [QUEUE] ดึง settings สำเร็จ - department_load: 2, style_voice: 2, voice: 3 {"service":"websocket-server"}
2026-01-05 02:19:39.475 [INFO ] [QUEUE] ผลลัพธ์จาก DB - wait: 0, active: 0, call: ไม่มี, skip: 0 {"service":"websocket-server"}
2026-01-05 02:19:41.371 [INFO ] [QUEUE] เริ่มดึงข้อมูลสำหรับ setting_id: 22, date: 2026-01-05 {"service":"websocket-server"}
2026-01-05 02:19:41.461 [INFO ] [QUEUE] ดึง settings สำเร็จ - department_load: 2, style_voice: 2, voice: 3 {"service":"websocket-server"}
2026-01-05 02:19:41.489 [INFO ] [QUEUE] ผลลัพธ์จาก DB - wait: 0, active: 0, call: ไม่มี, skip: 0 {"service":"websocket-server"}
2026-01-05 02:19:43.371 [INFO ] [QUEUE] เริ่มดึงข้อมูลสำหรับ setting_id: 22, date: 2026-01-05 {"service":"websocket-server"}
2026-01-05 02:19:43.446 [INFO ] [QUEUE] ดึง settings สำเร็จ - department_load: 2, style_voice: 2, voice: 3 {"service":"websocket-server"}
2026-01-05 02:19:43.478 [INFO ] [QUEUE] ผลลัพธ์จาก DB - wait: 0, active: 0, call: ไม่มี, skip: 0 {"service":"websocket-server"}
2026-01-05 02:19:45.372 [INFO ] [QUEUE] เริ่มดึงข้อมูลสำหรับ setting_id: 22, date: 2026-01-05 {"service":"websocket-server"}
2026-01-05 02:19:45.453 [INFO ] [QUEUE] ดึง settings สำเร็จ - department_load: 2, style_voice: 2, voice: 3 {"service":"websocket-server"}
2026-01-05 02:19:45.483 [INFO ] [QUEUE] ผลลัพธ์จาก DB - wait: 0, active: 0, call: ไม่มี, skip: 0 {"service":"websocket-server"}
2026-01-05 02:19:47.372 [INFO ] [QUEUE] เริ่มดึงข้อมูลสำหรับ setting_id: 22, date: 2026-01-05 {"service":"websocket-server"}
2026-01-05 02:19:47.444 [INFO ] [QUEUE] ดึง settings สำเร็จ - department_load: 2, style_voice: 2, voice: 3 {"service":"websocket-server"}
2026-01-05 02:19:47.479 [INFO ] [QUEUE] ผลลัพธ์จาก DB - wait: 0, active: 0, call: ไม่มี, skip: 0 {"service":"websocket-server"}
2026-01-05 02:19:49.374 [INFO ] [QUEUE] เริ่มดึงข้อมูลสำหรับ setting_id: 22, date: 2026-01-05 {"service":"websocket-server"}
2026-01-05 02:19:49.449 [INFO ] [QUEUE] ดึง settings สำเร็จ - department_load: 2, style_voice: 2, voice: 3 {"service":"websocket-server"}
2026-01-05 02:19:49.475 [INFO ] [QUEUE] ผลลัพธ์จาก DB - wait: 0, active: 0, call: ไม่มี, skip: 0 {"service":"websocket-server"}
2026-01-05 02:19:51.374 [INFO ] [QUEUE] เริ่มดึงข้อมูลสำหรับ setting_id: 22, date: 2026-01-05 {"service":"websocket-server"}
2026-01-05 02:19:51.467 [INFO ] [QUEUE] ดึง settings สำเร็จ - department_load: 2, style_voice: 2, voice: 3 {"service":"websocket-server"}
2026-01-05 02:19:51.506 [INFO ] [QUEUE] ผลลัพธ์จาก DB - wait: 0, active: 0, call: ไม่มี, skip: 0 {"service":"websocket-server"}
2026-01-05 02:19:53.374 [INFO ] [QUEUE] เริ่มดึงข้อมูลสำหรับ setting_id: 22, date: 2026-01-05 {"service":"websocket-server"}
2026-01-05 02:19:53.451 [INFO ] [QUEUE] ดึง settings สำเร็จ - department_load: 2, style_voice: 2, voice: 3 {"service":"websocket-server"}
2026-01-05 02:19:53.478 [INFO ] [QUEUE] ผลลัพธ์จาก DB - wait: 0, active: 0, call: ไม่มี, skip: 0 {"service":"websocket-server"}
2026-01-05 02:19:55.375 [INFO ] [QUEUE] เริ่มดึงข้อมูลสำหรับ setting_id: 22, date: 2026-01-05 {"service":"websocket-server"}
2026-01-05 02:19:55.464 [INFO ] [QUEUE] ดึง settings สำเร็จ - department_load: 2, style_voice: 2, voice: 3 {"service":"websocket-server"}
2026-01-05 02:19:55.504 [INFO ] [QUEUE] ผลลัพธ์จาก DB - wait: 0, active: 0, call: ไม่มี, skip: 0 {"service":"websocket-server"}
2026-01-05 02:19:57.375 [INFO ] [QUEUE] เริ่มดึงข้อมูลสำหรับ setting_id: 22, date: 2026-01-05 {"service":"websocket-server"}
2026-01-05 02:19:57.460 [INFO ] [QUEUE] ดึง settings สำเร็จ - department_load: 2, style_voice: 2, voice: 3 {"service":"websocket-server"}
2026-01-05 02:19:57.487 [INFO ] [QUEUE] ผลลัพธ์จาก DB - wait: 0, active: 0, call: ไม่มี, skip: 0 {"service":"websocket-server"}
2026-01-05 02:19:59.377 [INFO ] [QUEUE] เริ่มดึงข้อมูลสำหรับ setting_id: 22, date: 2026-01-05 {"service":"websocket-server"}
2026-01-05 02:19:59.457 [INFO ] [QUEUE] ดึง settings สำเร็จ - department_load: 2, style_voice: 2, voice: 3 {"service":"websocket-server"}
2026-01-05 02:19:59.490 [INFO ] [QUEUE] ผลลัพธ์จาก DB - wait: 0, active: 0, call: ไม่มี, skip: 0 {"service":"websocket-server"}
2026-01-05 02:20:01.378 [INFO ] [QUEUE] เริ่มดึงข้อมูลสำหรับ setting_id: 22, date: 2026-01-05 {"service":"websocket-server"}
2026-01-05 02:20:01.462 [INFO ] [QUEUE] ดึง settings สำเร็จ - department_load: 2, style_voice: 2, voice: 3 {"service":"websocket-server"}
2026-01-05 02:20:01.490 [INFO ] [QUEUE] ผลลัพธ์จาก DB - wait: 0, active: 0, call: ไม่มี, skip: 0 {"service":"websocket-server"}
2026-01-05 02:20:03.379 [INFO ] [QUEUE] เริ่มดึงข้อมูลสำหรับ setting_id: 22, date: 2026-01-05 {"service":"websocket-server"}
2026-01-05 02:20:03.460 [INFO ] [QUEUE] ดึง settings สำเร็จ - department_load: 2, style_voice: 2, voice: 3 {"service":"websocket-server"}
2026-01-05 02:20:03.486 [INFO ] [QUEUE] ผลลัพธ์จาก DB - wait: 0, active: 0, call: ไม่มี, skip: 0 {"service":"websocket-server"}
2026-01-05 02:20:05.379 [INFO ] [QUEUE] เริ่มดึงข้อมูลสำหรับ setting_id: 22, date: 2026-01-05 {"service":"websocket-server"}
2026-01-05 02:20:05.457 [INFO ] [QUEUE] ดึง settings สำเร็จ - department_load: 2, style_voice: 2, voice: 3 {"service":"websocket-server"}
2026-01-05 02:20:05.491 [INFO ] [QUEUE] ผลลัพธ์จาก DB - wait: 0, active: 0, call: ไม่มี, skip: 0 {"service":"websocket-server"}
2026-01-05 02:20:07.380 [INFO ] [QUEUE] เริ่มดึงข้อมูลสำหรับ setting_id: 22, date: 2026-01-05 {"service":"websocket-server"}
2026-01-05 02:20:07.467 [INFO ] [QUEUE] ดึง settings สำเร็จ - department_load: 2, style_voice: 2, voice: 3 {"service":"websocket-server"}
2026-01-05 02:20:07.495 [INFO ] [QUEUE] ผลลัพธ์จาก DB - wait: 0, active: 0, call: ไม่มี, skip: 0 {"service":"websocket-server"}
2026-01-05 02:20:09.381 [INFO ] [QUEUE] เริ่มดึงข้อมูลสำหรับ setting_id: 22, date: 2026-01-05 {"service":"websocket-server"}
2026-01-05 02:20:09.482 [INFO ] [QUEUE] ดึง settings สำเร็จ - department_load: 2, style_voice: 2, voice: 3 {"service":"websocket-server"}
2026-01-05 02:20:09.518 [INFO ] [QUEUE] ผลลัพธ์จาก DB - wait: 0, active: 0, call: ไม่มี, skip: 0 {"service":"websocket-server"}
2026-01-05 02:20:11.382 [INFO ] [QUEUE] เริ่มดึงข้อมูลสำหรับ setting_id: 22, date: 2026-01-05 {"service":"websocket-server"}
2026-01-05 02:20:11.475 [INFO ] [QUEUE] ดึง settings สำเร็จ - department_load: 2, style_voice: 2, voice: 3 {"service":"websocket-server"}
2026-01-05 02:20:11.517 [INFO ] [QUEUE] ผลลัพธ์จาก DB - wait: 0, active: 0, call: ไม่มี, skip: 0 {"service":"websocket-server"}
2026-01-05 02:20:13.383 [INFO ] [QUEUE] เริ่มดึงข้อมูลสำหรับ setting_id: 22, date: 2026-01-05 {"service":"websocket-server"}
2026-01-05 02:20:13.495 [INFO ] [QUEUE] ดึง settings สำเร็จ - department_load: 2, style_voice: 2, voice: 3 {"service":"websocket-server"}
2026-01-05 02:20:13.522 [INFO ] [QUEUE] ผลลัพธ์จาก DB - wait: 0, active: 0, call: ไม่มี, skip: 0 {"service":"websocket-server"}
2026-01-05 02:20:15.384 [INFO ] [QUEUE] เริ่มดึงข้อมูลสำหรับ setting_id: 22, date: 2026-01-05 {"service":"websocket-server"}
2026-01-05 02:20:15.506 [INFO ] [QUEUE] ดึง settings สำเร็จ - department_load: 2, style_voice: 2, voice: 3 {"service":"websocket-server"}
2026-01-05 02:20:15.548 [INFO ] [QUEUE] ผลลัพธ์จาก DB - wait: 0, active: 0, call: ไม่มี, skip: 0 {"service":"websocket-server"}
2026-01-05 02:20:17.385 [INFO ] [QUEUE] เริ่มดึงข้อมูลสำหรับ setting_id: 22, date: 2026-01-05 {"service":"websocket-server"}
2026-01-05 02:20:17.471 [INFO ] [QUEUE] ดึง settings สำเร็จ - department_load: 2, style_voice: 2, voice: 3 {"service":"websocket-server"}
2026-01-05 02:20:17.519 [INFO ] [QUEUE] ผลลัพธ์จาก DB - wait: 0, active: 0, call: ไม่มี, skip: 0 {"service":"websocket-server"}
2026-01-05 02:20:19.385 [INFO ] [QUEUE] เริ่มดึงข้อมูลสำหรับ setting_id: 22, date: 2026-01-05 {"service":"websocket-server"}
2026-01-05 02:20:19.507 [INFO ] [QUEUE] ดึง settings สำเร็จ - department_load: 2, style_voice: 2, voice: 3 {"service":"websocket-server"}
2026-01-05 02:20:19.567 [INFO ] [QUEUE] ผลลัพธ์จาก DB - wait: 0, active: 0, call: ไม่มี, skip: 0 {"service":"websocket-server"}
2026-01-05 02:20:21.387 [INFO ] [QUEUE] เริ่มดึงข้อมูลสำหรับ setting_id: 22, date: 2026-01-05 {"service":"websocket-server"}
2026-01-05 02:20:21.510 [INFO ] [QUEUE] ดึง settings สำเร็จ - department_load: 2, style_voice: 2, voice: 3 {"service":"websocket-server"}
2026-01-05 02:20:21.538 [INFO ] [QUEUE] ผลลัพธ์จาก DB - wait: 0, active: 0, call: ไม่มี, skip: 0 {"service":"websocket-server"}
2026-01-05 02:20:23.388 [INFO ] [QUEUE] เริ่มดึงข้อมูลสำหรับ setting_id: 22, date: 2026-01-05 {"service":"websocket-server"}
2026-01-05 02:20:23.482 [INFO ] [QUEUE] ดึง settings สำเร็จ - department_load: 2, style_voice: 2, voice: 3 {"service":"websocket-server"}
2026-01-05 02:20:23.530 [INFO ] [QUEUE] ผลลัพธ์จาก DB - wait: 0, active: 0, call: ไม่มี, skip: 0 {"service":"websocket-server"}
